Component: Arm Compiler for Embedded 6.21 Tool: armlink [5ec1fa00]

==============================================================================

Section Cross References

    startup_stm32f405xx.o(STACK) refers (Special) to heapauxi.o(.text) for __use_two_region_memory
    startup_stm32f405xx.o(HEAP) refers (Special) to heapauxi.o(.text) for __use_two_region_memory
    startup_stm32f405xx.o(RESET) refers (Special) to heapauxi.o(.text) for __use_two_region_memory
    startup_stm32f405xx.o(RESET) refers to startup_stm32f405xx.o(STACK) for __initial_sp
    startup_stm32f405xx.o(RESET) refers to startup_stm32f405xx.o(.text) for Reset_Handler
    startup_stm32f405xx.o(RESET) refers to stm32f4xx_it.o(.text.NMI_Handler) for NMI_Handler
    startup_stm32f405xx.o(RESET) refers to stm32f4xx_it.o(.text.HardFault_Handler) for HardFault_Handler
    startup_stm32f405xx.o(RESET) refers to stm32f4xx_it.o(.text.MemManage_Handler) for MemManage_Handler
    startup_stm32f405xx.o(RESET) refers to stm32f4xx_it.o(.text.BusFault_Handler) for BusFault_Handler
    startup_stm32f405xx.o(RESET) refers to stm32f4xx_it.o(.text.UsageFault_Handler) for UsageFault_Handler
    startup_stm32f405xx.o(RESET) refers to port.o(.text.SVC_Handler) for SVC_Handler
    startup_stm32f405xx.o(RESET) refers to stm32f4xx_it.o(.text.DebugMon_Handler) for DebugMon_Handler
    startup_stm32f405xx.o(RESET) refers to port.o(.text.PendSV_Handler) for PendSV_Handler
    startup_stm32f405xx.o(RESET) refers to cmsis_os2.o(.text.SysTick_Handler) for SysTick_Handler
    startup_stm32f405xx.o(RESET) refers to stm32f4xx_it.o(.text.DMA1_Stream3_IRQHandler) for DMA1_Stream3_IRQHandler
    startup_stm32f405xx.o(RESET) refers to stm32f4xx_it.o(.text.DMA1_Stream4_IRQHandler) for DMA1_Stream4_IRQHandler
    startup_stm32f405xx.o(RESET) refers to stm32f4xx_it.o(.text.DMA1_Stream6_IRQHandler) for DMA1_Stream6_IRQHandler
    startup_stm32f405xx.o(RESET) refers to stm32f4xx_it.o(.text.USART2_IRQHandler) for USART2_IRQHandler
    startup_stm32f405xx.o(RESET) refers to stm32f4xx_it.o(.text.USART3_IRQHandler) for USART3_IRQHandler
    startup_stm32f405xx.o(RESET) refers to stm32f4xx_it.o(.text.TIM8_TRG_COM_TIM14_IRQHandler) for TIM8_TRG_COM_TIM14_IRQHandler
    startup_stm32f405xx.o(RESET) refers to stm32f4xx_it.o(.text.DMA1_Stream7_IRQHandler) for DMA1_Stream7_IRQHandler
    startup_stm32f405xx.o(RESET) refers to stm32f4xx_it.o(.text.UART4_IRQHandler) for UART4_IRQHandler
    startup_stm32f405xx.o(RESET) refers to stm32f4xx_it.o(.text.UART5_IRQHandler) for UART5_IRQHandler
    startup_stm32f405xx.o(RESET) refers to stm32f4xx_it.o(.text.DMA2_Stream6_IRQHandler) for DMA2_Stream6_IRQHandler
    startup_stm32f405xx.o(RESET) refers to stm32f4xx_it.o(.text.USART6_IRQHandler) for USART6_IRQHandler
    startup_stm32f405xx.o(.text) refers (Special) to heapauxi.o(.text) for __use_two_region_memory
    startup_stm32f405xx.o(.text) refers to system_stm32f4xx.o(.text.SystemInit) for SystemInit
    startup_stm32f405xx.o(.text) refers to __main.o(!!!main) for __main
    startup_stm32f405xx.o(.text) refers to startup_stm32f405xx.o(HEAP) for Heap_Mem
    startup_stm32f405xx.o(.text) refers to startup_stm32f405xx.o(STACK) for Stack_Mem
    main.o(.text.main) refers to stm32f4xx_hal.o(.text.HAL_Init) for HAL_Init
    main.o(.text.main) refers to main.o(.text.SystemClock_Config) for SystemClock_Config
    main.o(.text.main) refers to gpio.o(.text.MX_GPIO_Init) for MX_GPIO_Init
    main.o(.text.main) refers to dma.o(.text.MX_DMA_Init) for MX_DMA_Init
    main.o(.text.main) refers to tim.o(.text.MX_TIM1_Init) for MX_TIM1_Init
    main.o(.text.main) refers to tim.o(.text.MX_TIM3_Init) for MX_TIM3_Init
    main.o(.text.main) refers to usart.o(.text.MX_UART4_Init) for MX_UART4_Init
    main.o(.text.main) refers to usart.o(.text.MX_UART5_Init) for MX_UART5_Init
    main.o(.text.main) refers to usart.o(.text.MX_USART2_UART_Init) for MX_USART2_UART_Init
    main.o(.text.main) refers to usart.o(.text.MX_USART3_UART_Init) for MX_USART3_UART_Init
    main.o(.text.main) refers to usart.o(.text.MX_USART6_UART_Init) for MX_USART6_UART_Init
    main.o(.text.main) refers to cmsis_os2.o(.text.osKernelInitialize) for osKernelInitialize
    main.o(.text.main) refers to position_setup.o(.text.position_setup) for position_setup
    main.o(.ARM.exidx.text.main) refers to main.o(.text.main) for [Anonymous Symbol]
    main.o(.text.SystemClock_Config) refers to stm32f4xx_hal_rcc.o(.text.HAL_RCC_OscConfig) for HAL_RCC_OscConfig
    main.o(.text.SystemClock_Config) refers to stm32f4xx_hal_rcc.o(.text.HAL_RCC_ClockConfig) for HAL_RCC_ClockConfig
    main.o(.ARM.exidx.text.SystemClock_Config) refers to main.o(.text.SystemClock_Config) for [Anonymous Symbol]
    main.o(.ARM.exidx.text.Error_Handler) refers to main.o(.text.Error_Handler) for [Anonymous Symbol]
    main.o(.text.HAL_TIM_PeriodElapsedCallback) refers to stm32f4xx_hal.o(.text.HAL_IncTick) for HAL_IncTick
[...]
    _get_lc_time                              - Undefined Weak Reference
    _getenv_init                              - Undefined Weak Reference
    _handle_redirection                       - Undefined Weak Reference
    _initio                                   - Undefined Weak Reference
    _mutex_acquire                            - Undefined Weak Reference
    _mutex_free                               - Undefined Weak Reference
    _mutex_release                            - Undefined Weak Reference
    _rand_init                                - Undefined Weak Reference
    _signal_finish                            - Undefined Weak Reference
    _signal_init                              - Undefined Weak Reference
    _terminateio                              - Undefined Weak Reference
    __Vectors_Size                           0x00000188   Number         0  startup_stm32f405xx.o ABSOLUTE
    __Vectors                                0x08000000   Data           4  startup_stm32f405xx.o(RESET)
    __Vectors_End                            0x08000188   Data           0  startup_stm32f405xx.o(RESET)
    __main                                   0x08000189   Thumb Code     8  __main.o(!!!main)
    __scatterload                            0x08000191   Thumb Code     0  __scatter.o(!!!scatter)
    __scatterload_rt2                        0x08000191   Thumb Code    84  __scatter.o(!!!scatter)
    __scatterload_rt2_thumb_only             0x08000191   Thumb Code     0  __scatter.o(!!!scatter)
    __scatterload_loop                       0x0800019b   Thumb Code     0  __scatter.o(!!!scatter)
    __decompress                             0x080001ed   Thumb Code    90  __dczerorl2.o(!!dczerorl2)
    __decompress1                            0x080001ed   Thumb Code     0  __dczerorl2.o(!!dczerorl2)
    __scatterload_null                       0x08000249   Thumb Code     2  __scatter.o(!!handler_null)
    __scatterload_zeroinit                   0x0800024d   Thumb Code    28  __scatter_zi.o(!!handler_zi)
    __rt_lib_init                            0x08000269   Thumb Code     0  libinit.o(.ARM.Collect$$libinit$$00000000)
    __rt_lib_init_fp_1                       0x0800026b   Thumb Code     0  libinit2.o(.ARM.Collect$$libinit$$00000001)
    __rt_lib_init_alloca_1                   0x0800026f   Thumb Code     0  libinit2.o(.ARM.Collect$$libinit$$00000030)
    __rt_lib_init_argv_1                     0x0800026f   Thumb Code     0  libinit2.o(.ARM.Collect$$libinit$$0000002E)
    __rt_lib_init_atexit_1                   0x0800026f   Thumb Code     0  libinit2.o(.ARM.Collect$$libinit$$0000001D)
    __rt_lib_init_clock_1                    0x0800026f   Thumb Code     0  libinit2.o(.ARM.Collect$$libinit$$00000023)
    __rt_lib_init_cpp_2                      0x0800026f   Thumb Code     0  libinit2.o(.ARM.Collect$$libinit$$00000033)
    __rt_lib_init_exceptions_1               0x0800026f   Thumb Code     0  libinit2.o(.ARM.Collect$$libinit$$00000032)
    __rt_lib_init_fp_trap_1                  0x0800026f   Thumb Code     0  libinit2.o(.ARM.Collect$$libinit$$00000021)
    __rt_lib_init_getenv_1                   0x0800026f   Thumb Code     0  libinit2.o(.ARM.Collect$$libinit$$00000025)
    __rt_lib_init_heap_1                     0x0800026f   Thumb Code     0  libinit2.o(.ARM.Collect$$libinit$$0000000C)
    __rt_lib_init_lc_collate_1               0x0800026f   Thumb Code     0  libinit2.o(.ARM.Collect$$libinit$$00000013)
    __rt_lib_init_lc_ctype_1                 0x0800026f   Thumb Code     0  libinit2.o(.ARM.Collect$$libinit$$00000015)
    __rt_lib_init_lc_monetary_1              0x0800026f   Thumb Code     0  libinit2.o(.ARM.Collect$$libinit$$00000017)
    __rt_lib_init_lc_numeric_1               0x0800026f   Thumb Code     0  libinit2.o(.ARM.Collect$$libinit$$00000019)
    __rt_lib_init_lc_time_1                  0x0800026f   Thumb Code     0  libinit2.o(.ARM.Collect$$libinit$$0000001B)
    __rt_lib_init_preinit_1                  0x0800026f   Thumb Code     0  libinit2.o(.ARM.Collect$$libinit$$00000006)
    __rt_lib_init_rand_1                     0x0800026f   Thumb Code     0  libinit2.o(.ARM.Collect$$libinit$$00000010)
    __rt_lib_init_relocate_pie_1             0x0800026f   Thumb Code     0  libinit2.o(.ARM.Collect$$libinit$$00000004)
    __rt_lib_init_signal_1                   0x0800026f   Thumb Code     0  libinit2.o(.ARM.Collect$$libinit$$0000001F)
    __rt_lib_init_stdio_1                    0x0800026f   Thumb Code     0  libinit2.o(.ARM.Collect$$libinit$$00000027)
    __rt_lib_init_user_alloc_1               0x0800026f   Thumb Code     0  libinit2.o(.ARM.Collect$$libinit$$0000000E)
    __rt_lib_init_cpp_1                      0x08000273   Thumb Code     0  libinit2.o(.ARM.Collect$$libinit$$00000034)
    __rt_lib_init_return                     0x08000273   Thumb Code     0  libinit2.o(.ARM.Collect$$libinit$$00000035)
    __rt_lib_shutdown                        0x08000275   Thumb Code     0  libshutdown.o(.ARM.Collect$$libshutdown$$00000000)
    __rt_lib_shutdown_cpp_1                  0x08000277   Thumb Code     0  libshutdown2.o(.ARM.Collect$$libshutdown$$00000002)
    __rt_lib_shutdown_fp_trap_1              0x08000277   Thumb Code     0  libshutdown2.o(.ARM.Collect$$libshutdown$$00000007)
    __rt_lib_shutdown_heap_1                 0x08000277   Thumb Code     0  libshutdown2.o(.ARM.Collect$$libshutdown$$0000000F)
    __rt_lib_shutdown_return                 0x08000277   Thumb Code     0  libshutdown2.o(.ARM.Collect$$libshutdown$$00000010)
    __rt_lib_shutdown_signal_1               0x08000277   Thumb Code     0  libshutdown2.o(.ARM.Collect$$libshutdown$$0000000A)
    __rt_lib_shutdown_stdio_1                0x08000277   Thumb Code     0  libshutdown2.o(.ARM.Collect$$libshutdown$$00000004)
    __rt_lib_shutdown_user_alloc_1           0x08000277   Thumb Code     0  libshutdown2.o(.ARM.Collect$$libshutdown$$0000000C)
    __rt_entry                               0x08000279   Thumb Code     0  __rtentry.o(.ARM.Collect$$rtentry$$00000000)
    __rt_entry_presh_1                       0x08000279   Thumb Code     0  __rtentry2.o(.ARM.Collect$$rtentry$$00000002)
    __rt_entry_sh                            0x08000279   Thumb Code     0  __rtentry4.o(.ARM.Collect$$rtentry$$00000004)
    __rt_entry_li                            0x0800027f   Thumb Code     0  __rtentry2.o(.ARM.Collect$$rtentry$$0000000A)
    __rt_entry_postsh_1                      0x0800027f   Thumb Code     0  __rtentry2.o(.ARM.Collect$$rtentry$$00000009)
    __rt_entry_main                          0x08000283   Thumb Code     0  __rtentry2.o(.ARM.Collect$$rtentry$$0000000D)
    __rt_entry_postli_1                      0x08000283   Thumb Code     0  __rtentry2.o(.ARM.Collect$$rtentry$$0000000C)
    __rt_exit                                0x0800028b   Thumb Code     0  rtexit.o(.ARM.Collect$$rtexit$$00000000)
    __rt_exit_ls                             0x0800028d   Thumb Code     0  rtexit2.o(.ARM.Collect$$rtexit$$00000003)
    __rt_exit_prels_1                        0x0800028d   Thumb Code     0  rtexit2.o(.ARM.Collect$$rtexit$$00000002)
    __rt_exit_exit                           0x08000291   Thumb Code     0  rtexit2.o(.ARM.Collect$$rtexit$$00000004)
    Reset_Handler                            0x08000299   Thumb Code     8  startup_stm32f405xx.o(.text)
    ADC_IRQHandler                           0x080002b3   Thumb Code     0  startup_stm32f405xx.o(.text)
    CAN1_RX0_IRQHandler                      0x080002b3   Thumb Code     0  startup_stm32f405xx.o(.text)
    CAN1_RX1_IRQHandler                      0x080002b3   Thumb Code     0  startup_stm32f405xx.o(.text)
    CAN1_SCE_IRQHandler                      0x080002b3   Thumb Code     0  startup_stm32f405xx.o(.text)
    CAN1_TX_IRQHandler                       0x080002b3   Thumb Code     0  startup_stm32f405xx.o(.text)
    CAN2_RX0_IRQHandler                      0x080002b3   Thumb Code     0  startup_stm32f405xx.o(.text)
    CAN2_RX1_IRQHandler                      0x080002b3   Thumb Code     0  startup_stm32f405xx.o(.text)
    CAN2_SCE_IRQHandler                      0x080002b3   Thumb Code     0  startup_stm32f405xx.o(.text)
    CAN2_TX_IRQHandler                       0x080002b3   Thumb Code     0  startup_stm32f405xx.o(.text)
    DMA1_Stream0_IRQHandler                  0x080002b3   Thumb Code     0  startup_stm32f405xx.o(.text)
    DMA1_Stream1_IRQHandler                  0x080002b3   Thumb Code     0  startup_stm32f405xx.o(.text)
    DMA1_Stream2_IRQHandler                  0x080002b3   Thumb Code     0  startup_stm32f405xx.o(.text)
    DMA1_Stream5_IRQHandler                  0x080002b3   Thumb Code     0  startup_stm32f405xx.o(.text)
    DMA2_Stream0_IRQHandler                  0x080002b3   Thumb Code     0  startup_stm32f405xx.o(.text)
    DMA2_Stream1_IRQHandler                  0x080002b3   Thumb Code     0  startup_stm32f405xx.o(.text)
    DMA2_Stream2_IRQHandler                  0x080002b3   Thumb Code     0  startup_stm32f405xx.o(.text)
    DMA2_Stream3_IRQHandler                  0x080002b3   Thumb Code     0  startup_stm32f405xx.o(.text)
    DMA2_Stream4_IRQHandler                  0x080002b3   Thumb Code     0  startup_stm32f405xx.o(.text)
    DMA2_Stream5_IRQHandler                  0x080002b3   Thumb Code     0  startup_stm32f405xx.o(.text)
    DMA2_Stream7_IRQHandler                  0x080002b3   Thumb Code     0  startup_stm32f405xx.o(.text)
    EXTI0_IRQHandler                         0x080002b3   Thumb Code     0  startup_stm32f405xx.o(.text)
    EXTI15_10_IRQHandler                     0x080002b3   Thumb Code     0  startup_stm32f405xx.o(.text)
    EXTI1_IRQHandler                         0x080002b3   Thumb Code     0  startup_stm32f405xx.o(.text)
    EXTI2_IRQHandler                         0x080002b3   Thumb Code     0  startup_stm32f405xx.o(.text)
    EXTI3_IRQHandler                         0x080002b3   Thumb Code     0  startup_stm32f405xx.o(.text)
    EXTI4_IRQHandler                         0x080002b3   Thumb Code     0  startup_stm32f405xx.o(.text)
    EXTI9_5_IRQHandler                       0x080002b3   Thumb Code     0  startup_stm32f405xx.o(.text)
    FLASH_IRQHandler                         0x080002b3   Thumb Code     0  startup_stm32f405xx.o(.text)
    FMC_IRQHandler                           0x080002b3   Thumb Code     0  startup_stm32f405xx.o(.text)
    FPU_IRQHandler                           0x080002b3   Thumb Code     0  startup_stm32f405xx.o(.text)
    HASH_RNG_IRQHandler                      0x080002b3   Thumb Code     0  startup_stm32f405xx.o(.text)
    I2C1_ER_IRQHandler                       0x080002b3   Thumb Code     0  startup_stm32f405xx.o(.text)
    I2C1_EV_IRQHandler                       0x080002b3   Thumb Code     0  startup_stm32f405xx.o(.text)
    I2C2_ER_IRQHandler                       0x080002b3   Thumb Code     0  startup_stm32f405xx.o(.text)
    I2C2_EV_IRQHandler                       0x080002b3   Thumb Code     0  startup_stm32f405xx.o(.text)
    I2C3_ER_IRQHandler                       0x080002b3   Thumb Code     0  startup_stm32f405xx.o(.text)
    I2C3_EV_IRQHandler                       0x080002b3   Thumb Code     0  startup_stm32f405xx.o(.text)
    OTG_FS_IRQHandler                        0x080002b3   Thumb Code     0  startup_stm32f405xx.o(.text)
    OTG_FS_WKUP_IRQHandler                   0x080002b3   Thumb Code     0  startup_stm32f405xx.o(.text)
    OTG_HS_EP1_IN_IRQHandler                 0x080002b3   Thumb Code     0  startup_stm32f405xx.o(.text)
    OTG_HS_EP1_OUT_IRQHandler                0x080002b3   Thumb Code     0  startup_stm32f405xx.o(.text)
    OTG_HS_IRQHandler                        0x080002b3   Thumb Code     0  startup_stm32f405xx.o(.text)
    OTG_HS_WKUP_IRQHandler                   0x080002b3   Thumb Code     0  startup_stm32f405xx.o(.text)
    PVD_IRQHandler                           0x080002b3   Thumb Code     0  startup_stm32f405xx.o(.text)
    RCC_IRQHandler                           0x080002b3   Thumb Code     0  startup_stm32f405xx.o(.text)
    RTC_Alarm_IRQHandler                     0x080002b3   Thumb Code     0  startup_stm32f405xx.o(.text)
    RTC_WKUP_IRQHandler                      0x080002b3   Thumb Code     0  startup_stm32f405xx.o(.text)
    SDIO_IRQHandler                          0x080002b3   Thumb Code     0  startup_stm32f405xx.o(.text)
    SPI1_IRQHandler                          0x080002b3   Thumb Code     0  startup_stm32f405xx.o(.text)
    SPI2_IRQHandler                          0x080002b3   Thumb Code     0  startup_stm32f405xx.o(.text)
    SPI3_IRQHandler                          0x080002b3   Thumb Code     0  startup_stm32f405xx.o(.text)
    TAMP_STAMP_IRQHandler                    0x080002b3   Thumb Code     0  startup_stm32f405xx.o(.text)
    TIM1_BRK_TIM9_IRQHandler                 0x080002b3   Thumb Code     0  startup_stm32f405xx.o(.text)
    TIM1_CC_IRQHandler                       0x080002b3   Thumb Code     0  startup_stm32f405xx.o(.text)
    TIM1_TRG_COM_TIM11_IRQHandler            0x080002b3   Thumb Code     0  startup_stm32f405xx.o(.text)
    TIM1_UP_TIM10_IRQHandler                 0x080002b3   Thumb Code     0  startup_stm32f405xx.o(.text)
    TIM2_IRQHandler                          0x080002b3   Thumb Code     0  startup_stm32f405xx.o(.text)
    TIM3_IRQHandler                          0x080002b3   Thumb Code     0  startup_stm32f405xx.o(.text)
    TIM4_IRQHandler                          0x080002b3   Thumb Code     0  startup_stm32f405xx.o(.text)
    TIM5_IRQHandler                          0x080002b3   Thumb Code     0  startup_stm32f405xx.o(.text)
    TIM6_DAC_IRQHandler                      0x080002b3   Thumb Code     0  startup_stm32f405xx.o(.text)
    TIM7_IRQHandler                          0x080002b3   Thumb Code     0  startup_stm32f405xx.o(.text)
    TIM8_BRK_TIM12_IRQHandler                0x080002b3   Thumb Code     0  startup_stm32f405xx.o(.text)
    TIM8_CC_IRQHandler                       0x080002b3   Thumb Code     0  startup_stm32f405xx.o(.text)
    TIM8_UP_TIM13_IRQHandler                 0x080002b3   Thumb Code     0  startup_stm32f405xx.o(.text)
    USART1_IRQHandler                        0x080002b3   Thumb Code     0  startup_stm32f405xx.o(.text)
    WWDG_IRQHandler                          0x080002b3   Thumb Code     0  startup_stm32f405xx.o(.text)
    __user_initial_stackheap                 0x080002b5   Thumb Code     0  startup_stm32f405xx.o(.text)
    __aeabi_uldivmod                         0x080002d9   Thumb Code     0  lludivv7m.o(.text)
    _ll_udiv                                 0x080002d9   Thumb Code   240  lludivv7m.o(.text)
    __aeabi_memcpy                           0x080003c9   Thumb Code     0  rt_memcpy_v6.o(.text)
    __rt_memcpy                              0x080003c9   Thumb Code   138  rt_memcpy_v6.o(.text)
    _memcpy_lastbytes                        0x0800042f   Thumb Code     0  rt_memcpy_v6.o(.text)
    __aeabi_memcpy4                          0x08000453   Thumb Code     0  rt_memcpy_w.o(.text)
    __aeabi_memcpy8                          0x08000453   Thumb Code     0  rt_memcpy_w.o(.text)
    __rt_memcpy_w                            0x08000453   Thumb Code   100  rt_memcpy_w.o(.text)
    _memcpy_lastbytes_aligned                0x0800049b   Thumb Code     0  rt_memcpy_w.o(.text)
    __aeabi_memset4                          0x080004b7   Thumb Code    16  aeabi_memset4.o(.text)
    __aeabi_memset8                          0x080004b7   Thumb Code     0  aeabi_memset4.o(.text)
    __aeabi_memclr4                          0x080004c7   Thumb Code     0  rt_memclr_w.o(.text)
    __aeabi_memclr8                          0x080004c7   Thumb Code     0  rt_memclr_w.o(.text)
    __rt_memclr_w                            0x080004c7   Thumb Code     0  rt_memclr_w.o(.text)
    _memset_w                                0x080004cb   Thumb Code    74  rt_memclr_w.o(.text)
    __use_two_region_memory                  0x08000515   Thumb Code     2  heapauxi.o(.text)
    __rt_heap_escrow                         0x08000517   Thumb Code     2  heapauxi.o(.text)
    __rt_heap_expand                         0x08000519   Thumb Code     2  heapauxi.o(.text)
    __cpp_initialize__aeabi_                 0x0800051d   Thumb Code    36  init_aeabi.o(.text)
    free                                     0x08000549   Thumb Code    78  h1_free.o(.text)
    __rt_heap_descriptor                     0x08000599   Thumb Code     8  rt_heap_descriptor_intlibspace.o(.text)
    abort                                    0x080005a1   Thumb Code    22  abort.o(.text)
    _sys_exit                                0x080005b9   Thumb Code     8  sys_exit.o(.text)
    __user_libspace                          0x080005c5   Thumb Code     8  libspace.o(.text)
    __user_perproc_libspace                  0x080005c5   Thumb Code     0  libspace.o(.text)
    __user_perthread_libspace                0x080005c5   Thumb Code     0  libspace.o(.text)
    __user_setup_stackheap                   0x080005cd   Thumb Code    74  sys_stackheap_outer.o(.text)
    exit                                     0x08000617   Thumb Code    18  exit.o(.text)
    __rt_SIGABRT                             0x08000629   Thumb Code    14  defsig_abrt_outer.o(.text)
    __I$use$semihosting                      0x08000637   Thumb Code     0  use_no_semi.o(.text)
    __use_no_semihosting_swi                 0x08000637   Thumb Code     2  use_no_semi.o(.text)
    __semihosting_library_function           0x08000639   Thumb Code     0  indicate_semi.o(.text)
    __sig_exit                               0x08000639   Thumb Code    10  defsig_exit.o(.text)
    __rt_SIGABRT_inner                       0x08000645   Thumb Code    14  defsig_abrt_inner.o(.text)
    __default_signal_display                 0x08000675   Thumb Code    50  defsig_general.o(.text)
    _ttywrch                                 0x080006a7   Thumb Code    14  sys_wrch.o(.text)
    BusFault_Handler                         0x080006b5   Thumb Code     2  stm32f4xx_it.o(.text.BusFault_Handler)
    CRC16_Table                              0x080006b9   Thumb Code   222  crc_util.o(.text.CRC16_Table)
    DMA1_Stream3_IRQHandler                  0x08000799   Thumb Code    12  stm32f4xx_it.o(.text.DMA1_Stream3_IRQHandler)
    DMA1_Stream4_IRQHandler                  0x080007a5   Thumb Code    12  stm32f4xx_it.o(.text.DMA1_Stream4_IRQHandler)
    DMA1_Stream6_IRQHandler                  0x080007b1   Thumb Code    12  stm32f4xx_it.o(.text.DMA1_Stream6_IRQHandler)
    DMA1_Stream7_IRQHandler                  0x080007bd   Thumb Code    12  stm32f4xx_it.o(.text.DMA1_Stream7_IRQHandler)
    DMA2_Stream6_IRQHandler                  0x080007c9   Thumb Code    12  stm32f4xx_it.o(.text.DMA2_Stream6_IRQHandler)
    DebugMon_Handler                         0x080007d5   Thumb Code     2  stm32f4xx_it.o(.text.DebugMon_Handler)
    Error_Handler                            0x080007d9   Thumb Code     6  main.o(.text.Error_Handler)
    HAL_DMA_Abort                            0x080007e1   Thumb Code   142  stm32f4xx_hal_dma.o(.text.HAL_DMA_Abort)
    HAL_DMA_Abort_IT                         0x08000871   Thumb Code    36  stm32f4xx_hal_dma.o(.text.HAL_DMA_Abort_IT)
    HAL_DMA_IRQHandler                       0x08000895   Thumb Code   448  stm32f4xx_hal_dma.o(.text.HAL_DMA_IRQHandler)
    HAL_DMA_Init                             0x08000a55   Thumb Code   354  stm32f4xx_hal_dma.o(.text.HAL_DMA_Init)
    HAL_DMA_Start_IT                         0x08000bb9   Thumb Code   162  stm32f4xx_hal_dma.o(.text.HAL_DMA_Start_IT)
    HAL_GPIO_Init                            0x08000c5d   Thumb Code   414  stm32f4xx_hal_gpio.o(.text.HAL_GPIO_Init)
    HAL_GetTick                              0x08000dfd   Thumb Code    12  stm32f4xx_hal.o(.text.HAL_GetTick)
    HAL_IncTick                              0x08000e09   Thumb Code    26  stm32f4xx_hal.o(.text.HAL_IncTick)
    HAL_Init                                 0x08000e25   Thumb Code    54  stm32f4xx_hal.o(.text.HAL_Init)
    HAL_InitTick                             0x08000e5d   Thumb Code   188  stm32f4xx_hal_timebase_tim.o(.text.HAL_InitTick)
    HAL_MspInit                              0x08000f19   Thumb Code    66  stm32f4xx_hal_msp.o(.text.HAL_MspInit)
    HAL_NVIC_EnableIRQ                       0x08000f5d   Thumb Code    34  stm32f4xx_hal_cortex.o(.text.HAL_NVIC_EnableIRQ)
    HAL_NVIC_SetPriority                     0x08000f81   Thumb Code    86  stm32f4xx_hal_cortex.o(.text.HAL_NVIC_SetPriority)
    HAL_NVIC_SetPriorityGrouping             0x08000fd9   Thumb Code    32  stm32f4xx_hal_cortex.o(.text.HAL_NVIC_SetPriorityGrouping)
    HAL_RCC_ClockConfig                      0x08000ff9   Thumb Code   356  stm32f4xx_hal_rcc.o(.text.HAL_RCC_ClockConfig)
    HAL_RCC_GetClockConfig                   0x0800115d   Thumb Code    62  stm32f4xx_hal_rcc.o(.text.HAL_RCC_GetClockConfig)
    HAL_RCC_GetPCLK1Freq                     0x0800119d   Thumb Code    38  stm32f4xx_hal_rcc.o(.text.HAL_RCC_GetPCLK1Freq)
    HAL_RCC_GetPCLK2Freq                     0x080011c5   Thumb Code    38  stm32f4xx_hal_rcc.o(.text.HAL_RCC_GetPCLK2Freq)
    HAL_RCC_GetSysClockFreq                  0x080011ed   Thumb Code   108  stm32f4xx_hal_rcc.o(.text.HAL_RCC_GetSysClockFreq)
    HAL_RCC_OscConfig                        0x08001259   Thumb Code   944  stm32f4xx_hal_rcc.o(.text.HAL_RCC_OscConfig)
    HAL_TIMEx_BreakCallback                  0x08001609   Thumb Code     2  stm32f4xx_hal_tim_ex.o(.text.HAL_TIMEx_BreakCallback)
    HAL_TIMEx_CommutCallback                 0x0800160d   Thumb Code     2  stm32f4xx_hal_tim_ex.o(.text.HAL_TIMEx_CommutCallback)
    HAL_TIMEx_MasterConfigSynchronization    0x08001611   Thumb Code   186  stm32f4xx_hal_tim_ex.o(.text.HAL_TIMEx_MasterConfigSynchronization)
    HAL_TIM_Base_Init                        0x080016cd   Thumb Code    90  stm32f4xx_hal_tim.o(.text.HAL_TIM_Base_Init)
    HAL_TIM_Base_MspInit                     0x08001729   Thumb Code     2  stm32f4xx_hal_tim.o(.text.HAL_TIM_Base_MspInit)
    HAL_TIM_Base_Start_IT                    0x0800172d   Thumb Code   170  stm32f4xx_hal_tim.o(.text.HAL_TIM_Base_Start_IT)
    HAL_TIM_Encoder_Init                     0x080017d9   Thumb Code   178  stm32f4xx_hal_tim.o(.text.HAL_TIM_Encoder_Init)
    HAL_TIM_Encoder_MspInit                  0x0800188d   Thumb Code   182  tim.o(.text.HAL_TIM_Encoder_MspInit)
    HAL_TIM_Encoder_Start                    0x08001945   Thumb Code   188  stm32f4xx_hal_tim.o(.text.HAL_TIM_Encoder_Start)
    HAL_TIM_IC_CaptureCallback               0x08001a01   Thumb Code     2  stm32f4xx_hal_tim.o(.text.HAL_TIM_IC_CaptureCallback)
    HAL_TIM_IRQHandler                       0x08001a05   Thumb Code   334  stm32f4xx_hal_tim.o(.text.HAL_TIM_IRQHandler)
    HAL_TIM_OC_DelayElapsedCallback          0x08001b55   Thumb Code     2  stm32f4xx_hal_tim.o(.text.HAL_TIM_OC_DelayElapsedCallback)
    HAL_TIM_PWM_PulseFinishedCallback        0x08001b59   Thumb Code     2  stm32f4xx_hal_tim.o(.text.HAL_TIM_PWM_PulseFinishedCallback)
    HAL_TIM_PeriodElapsedCallback            0x08001b5d   Thumb Code    20  main.o(.text.HAL_TIM_PeriodElapsedCallback)
    HAL_TIM_TriggerCallback                  0x08001b71   Thumb Code     2  stm32f4xx_hal_tim.o(.text.HAL_TIM_TriggerCallback)
    HAL_UARTEx_RxEventCallback               0x08001b75   Thumb Code     2  stm32f4xx_hal_uart.o(.text.HAL_UARTEx_RxEventCallback)
    HAL_UART_ErrorCallback                   0x08001b79   Thumb Code     2  stm32f4xx_hal_uart.o(.text.HAL_UART_ErrorCallback)
    HAL_UART_IRQHandler                      0x08001b7d   Thumb Code  1392  stm32f4xx_hal_uart.o(.text.HAL_UART_IRQHandler)
    HAL_UART_Init                            0x080020ed   Thumb Code    96  stm32f4xx_hal_uart.o(.text.HAL_UART_Init)
    HAL_UART_MspInit                         0x0800214d   Thumb Code   970  usart.o(.text.HAL_UART_MspInit)
    HAL_UART_Receive_IT                      0x08002519   Thumb Code    84  stm32f4xx_hal_uart.o(.text.HAL_UART_Receive_IT)
    HAL_UART_RxCpltCallback                  0x0800256d   Thumb Code   156  serial_device.o(.text.HAL_UART_RxCpltCallback)
    HAL_UART_Transmit_DMA                    0x08002609   Thumb Code   182  stm32f4xx_hal_uart.o(.text.HAL_UART_Transmit_DMA)
    HAL_UART_TxCpltCallback                  0x080026c1   Thumb Code     2  stm32f4xx_hal_uart.o(.text.HAL_UART_TxCpltCallback)
    HAL_UART_TxHalfCpltCallback              0x080026c5   Thumb Code     2  stm32f4xx_hal_uart.o(.text.HAL_UART_TxHalfCpltCallback)
    HardFault_Handler                        0x080026c9   Thumb Code     2  stm32f4xx_it.o(.text.HardFault_Handler)
    MX_DMA_Init                              0x080026cd   Thumb Code   140  dma.o(.text.MX_DMA_Init)
    MX_GPIO_Init                             0x08002759   Thumb Code   116  gpio.o(.text.MX_GPIO_Init)
    MX_TIM1_Init                             0x080027cd   Thumb Code   108  tim.o(.text.MX_TIM1_Init)
    MX_TIM3_Init                             0x08002839   Thumb Code   104  tim.o(.text.MX_TIM3_Init)
    MX_UART4_Init                            0x080028a1   Thumb Code    60  usart.o(.text.MX_UART4_Init)
    MX_UART5_Init                            0x080028dd   Thumb Code    60  usart.o(.text.MX_UART5_Init)
    MX_USART2_UART_Init                      0x08002919   Thumb Code    60  usart.o(.text.MX_USART2_UART_Init)
    MX_USART3_UART_Init                      0x08002955   Thumb Code    60  usart.o(.text.MX_USART3_UART_Init)
    MX_USART6_UART_Init                      0x08002991   Thumb Code    60  usart.o(.text.MX_USART6_UART_Init)
    MemManage_Handler                        0x080029cd   Thumb Code     2  stm32f4xx_it.o(.text.MemManage_Handler)
    NMI_Handler                              0x080029d1   Thumb Code     2  stm32f4xx_it.o(.text.NMI_Handler)
    PendSV_Handler                           0x080029e1   Thumb Code   100  port.o(.text.PendSV_Handler)
    SVC_Handler                              0x08002a51   Thumb Code    36  port.o(.text.SVC_Handler)
    SysTick_Handler                          0x08002a75   Thumb Code    30  cmsis_os2.o(.text.SysTick_Handler)
    SystemClock_Config                       0x08002a95   Thumb Code   168  main.o(.text.SystemClock_Config)
    SystemInit                               0x08002b3d   Thumb Code    18  system_stm32f4xx.o(.text.SystemInit)
    TIM8_TRG_COM_TIM14_IRQHandler            0x08002b51   Thumb Code    12  stm32f4xx_it.o(.text.TIM8_TRG_COM_TIM14_IRQHandler)
    TIM_Base_SetConfig                       0x08002b5d   Thumb Code   332  stm32f4xx_hal_tim.o(.text.TIM_Base_SetConfig)
    UART4_IRQHandler                         0x08002ca9   Thumb Code    12  stm32f4xx_it.o(.text.UART4_IRQHandler)
    UART5_IRQHandler                         0x08002cb5   Thumb Code    12  stm32f4xx_it.o(.text.UART5_IRQHandler)
    USART2_IRQHandler                        0x080030f1   Thumb Code    12  stm32f4xx_it.o(.text.USART2_IRQHandler)
    USART3_IRQHandler                        0x080030fd   Thumb Code    12  stm32f4xx_it.o(.text.USART3_IRQHandler)
    USART6_IRQHandler                        0x08003109   Thumb Code    12  stm32f4xx_it.o(.text.USART6_IRQHandler)
    UsageFault_Handler                       0x08003115   Thumb Code     2  stm32f4xx_it.o(.text.UsageFault_Handler)
    RC9Protocol::process_data()              0x08003175   Thumb Code   162  rc9protocol.o(.text._ZN11RC9Protocol12process_dataEv)
    RC9Protocol::handleReceiveData(unsigned char) 0x08003219   Thumb Code   568  rc9protocol.o(.text._ZN11RC9Protocol17handleReceiveDataEh)
    RC9Protocol::RC9Protocol(__UART_HandleTypeDef*, bool) 0x08003451   Thumb Code   130  rc9protocol.o(.text._ZN11RC9ProtocolC2EP20__UART_HandleTypeDefb)
    RC9Protocol::RC9Protocol__sub_object(__UART_HandleTypeDef*, bool) 0x08003451   Thumb Code   130  rc9protocol.o(.text._ZN11RC9ProtocolC2EP20__UART_HandleTypeDefb)
    RC9Protocol::~RC9Protocol__deallocating() 0x080034d5   Thumb Code     8  rc9protocol.o(.text._ZN11RC9ProtocolD0Ev)
    RC9Protocol::~RC9Protocol__sub_object()  0x080034dd   Thumb Code     2  rc9protocol.o(.text._ZN11RC9ProtocolD2Ev)
    TaskManager::TaskFunction(void*)         0x080034e1   Thumb Code    68  taskmanager.o(.text._ZN11TaskManager12TaskFunctionEPv)
    TaskManager::registerTask(int, ITaskProcessor*) 0x08003525   Thumb Code   106  taskmanager.o(.text._ZN11TaskManager12registerTaskEiP14ITaskProcessor)
    TaskManager::TaskManager()               0x08003591   Thumb Code   240  taskmanager.o(.text._ZN11TaskManagerC2Ev)
    TaskManager::TaskManager__sub_object()   0x08003591   Thumb Code   240  taskmanager.o(.text._ZN11TaskManagerC2Ev)
    SerialDevice::startUartReceiveIT()       0x08003681   Thumb Code    14  serial_device.o(.text._ZN12SerialDevice18startUartReceiveITEv)
    SerialDevice::SerialDevice__sub_object(__UART_HandleTypeDef*) 0x08003691   Thumb Code    50  serial_device.o(.text._ZN12SerialDeviceC2EP20__UART_HandleTypeDef)
    RC9subscriber::sendFloatData(unsigned char, float const*, unsigned char) 0x080036c5   Thumb Code   168  rc9protocol.o(.text._ZN13RC9subscriber13sendFloatDataEhPKfh)
    RC9subscriber::DataReceivedCallback(unsigned char const*, float const*, unsigned char, unsigned short) 0x0800376d   Thumb Code     2  oencoder.o(.text._ZN13RC9subscriber20DataReceivedCallbackEPKhPKfht)
    RC9subscriber::addport(RC9Protocol*)     0x08003771   Thumb Code    28  rc9protocol.o(.text._ZN13RC9subscriber7addportEP11RC9Protocol)
    ITaskProcessor::~ITaskProcessor__sub_object() 0x0800378d   Thumb Code     2  oencoder.o(.text._ZN14ITaskProcessorD2Ev)
    imu::get_acc_x()                         0x08003791   Thumb Code     0  hwt101ct.o(.text._ZN3imu9get_acc_xEv)
    imu::get_acc_y()                         0x08003791   Thumb Code     0  hwt101ct.o(.text._ZN3imu9get_acc_yEv)
    HWT101CT::get_heading()                  0x08003791   Thumb Code     6  hwt101ct.o(.text._ZN8HWT101CT11get_headingEv)
    HWT101CT::get_yaw_rad()                  0x08003799   Thumb Code     6  hwt101ct.o(.text._ZN8HWT101CT11get_yaw_radEv)
    HWT101CT::handleReceiveData(unsigned char) 0x080037a1   Thumb Code   328  hwt101ct.o(.text._ZN8HWT101CT17handleReceiveDataEh)
    HWT101CT::HWT101CT(__UART_HandleTypeDef*) 0x08003905   Thumb Code    54  hwt101ct.o(.text._ZN8HWT101CTC2EP20__UART_HandleTypeDef)
    HWT101CT::HWT101CT__sub_object(__UART_HandleTypeDef*) 0x08003905   Thumb Code    54  hwt101ct.o(.text._ZN8HWT101CTC2EP20__UART_HandleTypeDef)
    Oencoder::process_data()                 0x0800393d   Thumb Code   656  oencoder.o(.text._ZN8Oencoder12process_dataEv)
    Oencoder::init()                         0x08003bd1   Thumb Code    24  oencoder.o(.text._ZN8Oencoder4initEv)
    Oencoder::add_imu(imu*)                  0x08003be9   Thumb Code     4  oencoder.o(.text._ZN8Oencoder7add_imuEP3imu)
    Oencoder::Oencoder(TIM_HandleTypeDef*, TIM_HandleTypeDef*, float) 0x08003bed   Thumb Code   132  oencoder.o(.text._ZN8OencoderC2EP17TIM_HandleTypeDefS1_f)
    Oencoder::Oencoder__sub_object(TIM_HandleTypeDef*, TIM_HandleTypeDef*, float) 0x08003bed   Thumb Code   132  oencoder.o(.text._ZN8OencoderC2EP17TIM_HandleTypeDefS1_f)
    Oencoder::~Oencoder__deallocating()      0x08003c71   Thumb Code     6  oencoder.o(.text._ZN8OencoderD0Ev)
    non-virtual thunk to RC9Protocol::process_data() 0x08003c79   Thumb Code     6  rc9protocol.o(.text._ZThn12_N11RC9Protocol12process_dataEv)
    non-virtual thunk to RC9Protocol::~RC9Protocol__deallocating() 0x08003c81   Thumb Code    10  rc9protocol.o(.text._ZThn12_N11RC9ProtocolD0Ev)
    non-virtual thunk to RC9Protocol::~RC9Protocol() 0x08003c8d   Thumb Code     2  rc9protocol.o(.text._ZThn12_N11RC9ProtocolD1Ev)
    non-virtual thunk to HWT101CT::get_heading() 0x08003c91   Thumb Code     6  hwt101ct.o(.text._ZThn12_N8HWT101CT11get_headingEv)
    non-virtual thunk to HWT101CT::get_yaw_rad() 0x08003c99   Thumb Code     6  hwt101ct.o(.text._ZThn12_N8HWT101CT11get_yaw_radEv)
    operator delete(void*)                   0x08003c9f   Thumb Code     4  new.cpp.o(.text._ZdlPv)
    operator delete(void*, unsigned int)     0x08003ca3   Thumb Code     4  new.cpp.o(.text._ZdlPvj)
    __cxa_pure_virtual                       0x08003ca9   Thumb Code     8  cxa_virtual.cpp.o(.text.__cxa_pure_virtual)
    abort_message                            0x08003cd1   Thumb Code     4  abort_message.cpp.o(.text.abort_message)
    arm_cos_f32                              0x08003cd5   Thumb Code   152  arm_cos_f32.o(.text.arm_cos_f32)
    arm_sin_f32                              0x08003d6d   Thumb Code   144  arm_sin_f32.o(.text.arm_sin_f32)
    main                                     0x08003dfd   Thumb Code    54  main.o(.text.main)
    osDelay                                  0x08003e35   Thumb Code    32  cmsis_os2.o(.text.osDelay)
    osKernelInitialize                       0x08003e55   Thumb Code    40  cmsis_os2.o(.text.osKernelInitialize)
    osKernelStart                            0x08003e7d   Thumb Code    60  cmsis_os2.o(.text.osKernelStart)
    osMessageQueueGet                        0x08003eb9   Thumb Code   140  cmsis_os2.o(.text.osMessageQueueGet)
    osMessageQueueNew                        0x08003f45   Thumb Code   138  cmsis_os2.o(.text.osMessageQueueNew)
    osMessageQueuePut                        0x08003fd1   Thumb Code   168  cmsis_os2.o(.text.osMessageQueuePut)
    osThreadNew                              0x08004079   Thumb Code   164  cmsis_os2.o(.text.osThreadNew)
    position_setup                           0x0800411d   Thumb Code    94  position_setup.o(.text.position_setup)
    pvPortMalloc                             0x08004a21   Thumb Code   500  heap_4.o(.text.pvPortMalloc)
    pxPortInitialiseStack                    0x08004c15   Thumb Code    36  port.o(.text.pxPortInitialiseStack)
    uxListRemove                             0x08004c39   Thumb Code    36  list.o(.text.uxListRemove)
    vApplicationGetIdleTaskMemory            0x08004c5d   Thumb Code    28  cmsis_os2.o(.text.vApplicationGetIdleTaskMemory)
    vApplicationGetTimerTaskMemory           0x08004c79   Thumb Code    28  cmsis_os2.o(.text.vApplicationGetTimerTaskMemory)
    vListInitialise                          0x08004c95   Thumb Code    22  list.o(.text.vListInitialise)
    vListInitialiseItem                      0x08004cad   Thumb Code     6  list.o(.text.vListInitialiseItem)
    vListInsert                              0x08004cb5   Thumb Code    98  list.o(.text.vListInsert)
    vListInsertEnd                           0x08004d19   Thumb Code    28  list.o(.text.vListInsertEnd)
    vPortEnterCritical                       0x08004d49   Thumb Code    70  port.o(.text.vPortEnterCritical)
    vPortExitCritical                        0x08004d91   Thumb Code    46  port.o(.text.vPortExitCritical)
    vPortFree                                0x08004dc1   Thumb Code   212  heap_4.o(.text.vPortFree)
    vPortSetupTimerInterrupt                 0x08004e95   Thumb Code    52  port.o(.text.vPortSetupTimerInterrupt)
    vPortValidateInterruptPriority           0x08004ec9   Thumb Code    94  port.o(.text.vPortValidateInterruptPriority)
    vQueueAddToRegistry                      0x08004f29   Thumb Code   176  queue.o(.text.vQueueAddToRegistry)
    vQueueWaitForMessageRestricted           0x08004fd9   Thumb Code    82  queue.o(.text.vQueueWaitForMessageRestricted)
    vTaskDelay                               0x0800502d   Thumb Code   128  tasks.o(.text.vTaskDelay)
    vTaskInternalSetTimeOutState             0x080050ad   Thumb Code    18  tasks.o(.text.vTaskInternalSetTimeOutState)
    vTaskMissedYield                         0x080050c1   Thumb Code    14  tasks.o(.text.vTaskMissedYield)
    vTaskPlaceOnEventList                    0x080050d1   Thumb Code   116  tasks.o(.text.vTaskPlaceOnEventList)
    vTaskPlaceOnEventListRestricted          0x08005145   Thumb Code   122  tasks.o(.text.vTaskPlaceOnEventListRestricted)
    vTaskStartScheduler                      0x080051c1   Thumb Code   232  tasks.o(.text.vTaskStartScheduler)
    vTaskSuspendAll                          0x080052b1   Thumb Code    16  tasks.o(.text.vTaskSuspendAll)
    vTaskSwitchContext                       0x080052c1   Thumb Code   188  tasks.o(.text.vTaskSwitchContext)
    xPortStartScheduler                      0x0800537d   Thumb Code   392  port.o(.text.xPortStartScheduler)
    xPortSysTickHandler                      0x08005505   Thumb Code    46  port.o(.text.xPortSysTickHandler)
    xQueueGenericCreate                      0x08005535   Thumb Code   134  queue.o(.text.xQueueGenericCreate)
    xQueueGenericCreateStatic                0x080055bd   Thumb Code   222  queue.o(.text.xQueueGenericCreateStatic)
    xQueueGenericSend                        0x0800569d   Thumb Code   700  queue.o(.text.xQueueGenericSend)
    xQueueGenericSendFromISR                 0x08005959   Thumb Code   330  queue.o(.text.xQueueGenericSendFromISR)
    xQueueReceive                            0x08005aa5   Thumb Code   574  queue.o(.text.xQueueReceive)
    xQueueReceiveFromISR                     0x08005ce5   Thumb Code   210  queue.o(.text.xQueueReceiveFromISR)
    xTaskCheckForTimeOut                     0x08005db9   Thumb Code   150  tasks.o(.text.xTaskCheckForTimeOut)
    xTaskCreate                              0x08005e51   Thumb Code    96  tasks.o(.text.xTaskCreate)
    xTaskCreateStatic                        0x08005eb1   Thumb Code   118  tasks.o(.text.xTaskCreateStatic)
    xTaskGetSchedulerState                   0x08005f29   Thumb Code    30  tasks.o(.text.xTaskGetSchedulerState)
    xTaskGetTickCount                        0x08005f49   Thumb Code    12  tasks.o(.text.xTaskGetTickCount)
    xTaskIncrementTick                       0x08005f55   Thumb Code   260  tasks.o(.text.xTaskIncrementTick)
    xTaskPriorityDisinherit                  0x08006059   Thumb Code   138  tasks.o(.text.xTaskPriorityDisinherit)
    xTaskRemoveFromEventList                 0x080060e5   Thumb Code   114  tasks.o(.text.xTaskRemoveFromEventList)
    xTaskResumeAll                           0x08006159   Thumb Code   238  tasks.o(.text.xTaskResumeAll)
    xTimerCreateTimerTask                    0x08006249   Thumb Code   172  timers.o(.text.xTimerCreateTimerTask)
    __aeabi_d2f                              0x080062fd   Thumb Code     0  d2f.o(x$fpl$d2f)
    _d2f                                     0x080062fd   Thumb Code    98  d2f.o(x$fpl$d2f)
    __aeabi_dadd                             0x08006361   Thumb Code     0  daddsub_clz.o(x$fpl$dadd)
    _dadd                                    0x08006361   Thumb Code   332  daddsub_clz.o(x$fpl$dadd)
    __aeabi_i2d                              0x080064b1   Thumb Code     0  dflt_clz.o(x$fpl$dflt)
    _dflt                                    0x080064b1   Thumb Code    46  dflt_clz.o(x$fpl$dflt)
    __aeabi_dmul                             0x080064e1   Thumb Code     0  dmul.o(x$fpl$dmul)
    _dmul                                    0x080064e1   Thumb Code   332  dmul.o(x$fpl$dmul)
    __fpl_dnaninf                            0x08006635   Thumb Code   156  dnaninf.o(x$fpl$dnaninf)
    __fpl_dretinf                            0x080066d1   Thumb Code    12  dretinf.o(x$fpl$dretinf)
    __aeabi_dsub                             0x080066dd   Thumb Code     0  daddsub_clz.o(x$fpl$dsub)
    _dsub                                    0x080066dd   Thumb Code   472  daddsub_clz.o(x$fpl$dsub)
    __aeabi_f2d                              0x080068b9   Thumb Code     0  f2d.o(x$fpl$f2d)
    _f2d                                     0x080068b9   Thumb Code    86  f2d.o(x$fpl$f2d)
    __fpl_fnaninf                            0x0800690f   Thumb Code   140  fnaninf.o(x$fpl$fnaninf)
    _fp_init                                 0x0800699b   Thumb Code    26  fpinit.o(x$fpl$fpinit)
    __fplib_config_fpu_vfp                   0x080069b3   Thumb Code     0  fpinit.o(x$fpl$fpinit)
    __fplib_config_pureend_doubles           0x080069b3   Thumb Code     0  fpinit.o(x$fpl$fpinit)
    __fpl_fretinf                            0x080069b5   Thumb Code    10  fretinf.o(x$fpl$fretinf)
    AHBPrescTable                            0x080069be   Data          16  system_stm32f4xx.o(.rodata.AHBPrescTable)
    __I$use$fp                               0x080069be   Number         0  usenofp.o(x$fpl$usenofp)
    APBPrescTable                            0x080069ce   Data           8  system_stm32f4xx.o(.rodata.APBPrescTable)
    vtable for RC9Protocol                   0x08006bd8   Data          44  rc9protocol.o(.rodata._ZTV11RC9Protocol)
    vtable for SerialDevice                  0x08006c04   Data          12  serial_device.o(.rodata._ZTV12SerialDevice)
    vtable for HWT101CT                      0x08006c10   Data          44  hwt101ct.o(.rodata._ZTV8HWT101CT)
    vtable for Oencoder                      0x08006c3c   Data          32  oencoder.o(.rodata._ZTV8Oencoder)
    sinTable_f32                             0x08006c64   Data        2052  arm_common_tables.o(.rodata.sinTable_f32)
    Region$$Table$$Base                      0x08007470   Number         0  anon$$obj.o(Region$$Table)
    Region$$Table$$Limit                     0x08007490   Number         0  anon$$obj.o(Region$$Table)
    SHT$$INIT_ARRAY$$Base                    0x08007490   Number         0  position_setup.o(.init_array)
    SHT$$INIT_ARRAY$$Limit                   0x08007494   Number         0  init_aeabi.o(.init_array)
    uwTickFreq                               0x20000000   Data           1  stm32f4xx_hal.o(.data..L_MergedGlobals)
    uwTickPrio                               0x20000004   Data           4  stm32f4xx_hal.o(.data..L_MergedGlobals)
    SystemCoreClock                          0x20000008   Data           4  system_stm32f4xx.o(.data.SystemCoreClock)
    TaskManager::tasks                       0x2000000c   Data        1080  taskmanager.o(.data._ZN11TaskManager5tasksE)
    __libspace_start                         0x20000448   Data          96  libspace.o(.bss)
    __temporary_stack_top$libspace           0x200004a8   Data           0  libspace.o(.bss)
    pxCurrentTCB                             0x200004a8   Data           4  tasks.o(.bss..L_MergedGlobals)
    SerialDevice::instanceCount_             0x20000584   Data           4  serial_device.o(.bss..L_MergedGlobals)
    SerialDevice::instances_                 0x20000588   Data          40  serial_device.o(.bss..L_MergedGlobals)
    task_core                                0x200005b0   Data           1  position_setup.o(.bss..L_MergedGlobals)
    imu_101                                  0x200005b4   Data          64  position_setup.o(.bss..L_MergedGlobals)
    encoder_test                             0x20000620   Data         160  position_setup.o(.bss.encoder_test)
    hdma_uart4_tx                            0x200006c0   Data          96  usart.o(.bss.hdma_uart4_tx)
    hdma_uart5_tx                            0x20000720   Data          96  usart.o(.bss.hdma_uart5_tx)
    hdma_usart2_tx                           0x20000780   Data          96  usart.o(.bss.hdma_usart2_tx)
    hdma_usart3_tx                           0x200007e0   Data          96  usart.o(.bss.hdma_usart3_tx)
    hdma_usart6_tx                           0x20000840   Data          96  usart.o(.bss.hdma_usart6_tx)
    htim1                                    0x200008a0   Data          72  tim.o(.bss.htim1)
    htim14                                   0x200008e8   Data          72  stm32f4xx_hal_timebase_tim.o(.bss.htim14)
    htim3                                    0x20000930   Data          72  tim.o(.bss.htim3)
    huart2                                   0x20000978   Data          72  usart.o(.bss.huart2)
    huart3                                   0x200009c0   Data          72  usart.o(.bss.huart3)
    huart4                                   0x20000a08   Data          72  usart.o(.bss.huart4)
    huart5                                   0x20000a50   Data          72  usart.o(.bss.huart5)
    huart6                                   0x20000a98   Data          72  usart.o(.bss.huart6)
    to_stm32                                 0x20001030   Data         424  position_setup.o(.bss.to_stm32)
    uwTick                                   0x20004dd8   Data           4  stm32f4xx_hal.o(.bss.uwTick)
    xQueueRegistry                           0x20005a94   Data          64  queue.o(.bss.xQueueRegistry)



==============================================================================

Memory Map of the image

  Image Entry point : 0x08000189

  Load Region LR_IROM1 (Base: 0x08000000, Size: 0x000078e0, Max: 0x00100000, ABSOLUTE, COMPRESSED[0x000074b8])

    Execution Region ER_IROM1 (Exec base: 0x08000000, Load base: 0x08000000, Size: 0x00007494, Max: 0x00100000, ABSOLUTE)

    Exec Addr    Load Addr    Size         Type   Attr      Idx    E Section Name        Object

    0x08000000   0x08000000   0x00000188   Data   RO            3    RESET               startup_stm32f405xx.o
    0x08000188   0x08000188   0x00000008   Code   RO         1979  * !!!main             c_w.l(__main.o)
    0x08000190   0x08000190   0x0000005c   Code   RO         2385    !!!scatter          c_w.l(__scatter.o)
    0x080001ec   0x080001ec   0x0000005a   Code   RO         2383    !!dczerorl2         c_w.l(__dczerorl2.o)
    0x08000246   0x08000246   0x00000002   PAD
    0x08000248   0x08000248   0x00000002   Code   RO         2386    !!handler_null      c_w.l(__scatter.o)
    0x0800024a   0x0800024a   0x00000002   PAD
    0x0800024c   0x0800024c   0x0000001c   Code   RO         2389    !!handler_zi        c_w.l(__scatter_zi.o)
    0x08000268   0x08000268   0x00000002   Code   RO         2312    .ARM.Collect$$libinit$$00000000  c_w.l(libinit.o)
    0x0800026a   0x0800026a   0x00000004   Code   RO         2124    .ARM.Collect$$libinit$$00000001  c_w.l(libinit2.o)
    0x0800026e   0x0800026e   0x00000000   Code   RO         2127    .ARM.Collect$$libinit$$00000004  c_w.l(libinit2.o)
    0x0800026e   0x0800026e   0x00000000   Code   RO         2129    .ARM.Collect$$libinit$$00000006  c_w.l(libinit2.o)
    0x0800026e   0x0800026e   0x00000000   Code   RO         2132    .ARM.Collect$$libinit$$0000000C  c_w.l(libinit2.o)
    0x0800026e   0x0800026e   0x00000000   Code   RO         2134    .ARM.Collect$$libinit$$0000000E  c_w.l(libinit2.o)
    0x0800026e   0x0800026e   0x00000000   Code   RO         2136    .ARM.Collect$$libinit$$00000010  c_w.l(libinit2.o)
    0x0800026e   0x0800026e   0x00000000   Code   RO         2139    .ARM.Collect$$libinit$$00000013  c_w.l(libinit2.o)
    0x0800026e   0x0800026e   0x00000000   Code   RO         2141    .ARM.Collect$$libinit$$00000015  c_w.l(libinit2.o)
    0x0800026e   0x0800026e   0x00000000   Code   RO         2143    .ARM.Collect$$libinit$$00000017  c_w.l(libinit2.o)
    0x0800026e   0x0800026e   0x00000000   Code   RO         2145    .ARM.Collect$$libinit$$00000019  c_w.l(libinit2.o)
    0x0800026e   0x0800026e   0x00000000   Code   RO         2147    .ARM.Collect$$libinit$$0000001B  c_w.l(libinit2.o)
    0x0800026e   0x0800026e   0x00000000   Code   RO         2149    .ARM.Collect$$libinit$$0000001D  c_w.l(libinit2.o)
    0x0800026e   0x0800026e   0x00000000   Code   RO         2151    .ARM.Collect$$libinit$$0000001F  c_w.l(libinit2.o)
    0x0800026e   0x0800026e   0x00000000   Code   RO         2153    .ARM.Collect$$libinit$$00000021  c_w.l(libinit2.o)
    0x0800026e   0x0800026e   0x00000000   Code   RO         2155    .ARM.Collect$$libinit$$00000023  c_w.l(libinit2.o)
    0x0800026e   0x0800026e   0x00000000   Code   RO         2157    .ARM.Collect$$libinit$$00000025  c_w.l(libinit2.o)
    0x0800026e   0x0800026e   0x00000000   Code   RO         2159    .ARM.Collect$$libinit$$00000027  c_w.l(libinit2.o)
    0x0800026e   0x0800026e   0x00000000   Code   RO         2163    .ARM.Collect$$libinit$$0000002E  c_w.l(libinit2.o)
    0x0800026e   0x0800026e   0x00000000   Code   RO         2165    .ARM.Collect$$libinit$$00000030  c_w.l(libinit2.o)
    0x0800026e   0x0800026e   0x00000000   Code   RO         2167    .ARM.Collect$$libinit$$00000032  c_w.l(libinit2.o)
    0x0800026e   0x0800026e   0x00000004   Code   RO         2168    .ARM.Collect$$libinit$$00000033  c_w.l(libinit2.o)
    0x08000272   0x08000272   0x00000000   Code   RO         2169    .ARM.Collect$$libinit$$00000034  c_w.l(libinit2.o)
    0x08000272   0x08000272   0x00000002   Code   RO         2170    .ARM.Collect$$libinit$$00000035  c_w.l(libinit2.o)
    0x08000274   0x08000274   0x00000002   Code   RO         2369    .ARM.Collect$$libshutdown$$00000000  c_w.l(libshutdown.o)
    0x08000276   0x08000276   0x00000000   Code   RO         2346    .ARM.Collect$$libshutdown$$00000002  c_w.l(libshutdown2.o)
    0x08000276   0x08000276   0x00000000   Code   RO         2348    .ARM.Collect$$libshutdown$$00000004  c_w.l(libshutdown2.o)
    0x08000276   0x08000276   0x00000000   Code   RO         2351    .ARM.Collect$$libshutdown$$00000007  c_w.l(libshutdown2.o)
    0x08000276   0x08000276   0x00000000   Code   RO         2354    .ARM.Collect$$libshutdown$$0000000A  c_w.l(libshutdown2.o)
    0x08000276   0x08000276   0x00000000   Code   RO         2356    .ARM.Collect$$libshutdown$$0000000C  c_w.l(libshutdown2.o)
    0x08000276   0x08000276   0x00000000   Code   RO         2359    .ARM.Collect$$libshutdown$$0000000F  c_w.l(libshutdown2.o)
    0x08000276   0x08000276   0x00000002   Code   RO         2360    .ARM.Collect$$libshutdown$$00000010  c_w.l(libshutdown2.o)
    0x08000278   0x08000278   0x00000000   Code   RO         2053    .ARM.Collect$$rtentry$$00000000  c_w.l(__rtentry.o)
    0x08000278   0x08000278   0x00000000   Code   RO         2207    .ARM.Collect$$rtentry$$00000002  c_w.l(__rtentry2.o)
    0x08000278   0x08000278   0x00000006   Code   RO         2219    .ARM.Collect$$rtentry$$00000004  c_w.l(__rtentry4.o)
    0x0800027e   0x0800027e   0x00000000   Code   RO         2209    .ARM.Collect$$rtentry$$00000009  c_w.l(__rtentry2.o)
    0x0800027e   0x0800027e   0x00000004   Code   RO         2210    .ARM.Collect$$rtentry$$0000000A  c_w.l(__rtentry2.o)
    0x08000282   0x08000282   0x00000000   Code   RO         2212    .ARM.Collect$$rtentry$$0000000C  c_w.l(__rtentry2.o)
    0x08000282   0x08000282   0x00000008   Code   RO         2213    .ARM.Collect$$rtentry$$0000000D  c_w.l(__rtentry2.o)
    0x0800028a   0x0800028a   0x00000002   Code   RO         2316    .ARM.Collect$$rtexit$$00000000  c_w.l(rtexit.o)
    0x0800028c   0x0800028c   0x00000000   Code   RO         2331    .ARM.Collect$$rtexit$$00000002  c_w.l(rtexit2.o)
    0x0800028c   0x0800028c   0x00000004   Code   RO         2332    .ARM.Collect$$rtexit$$00000003  c_w.l(rtexit2.o)
    0x08000290   0x08000290   0x00000006   Code   RO         2333    .ARM.Collect$$rtexit$$00000004  c_w.l(rtexit2.o)
    0x08000296   0x08000296   0x00000002   PAD
    0x08000298   0x08000298   0x00000040   Code   RO            4    .text               startup_stm32f405xx.o
    0x080002d8   0x080002d8   0x000000f0   Code   RO         1963    .text               c_w.l(lludivv7m.o)
    0x080003c8   0x080003c8   0x0000008a   Code   RO         1965    .text               c_w.l(rt_memcpy_v6.o)
    0x08000452   0x08000452   0x00000064   Code   RO         1967    .text               c_w.l(rt_memcpy_w.o)
    0x080004b6   0x080004b6   0x00000010   Code   RO         1971    .text               c_w.l(aeabi_memset4.o)
    0x080004c6   0x080004c6   0x0000004e   Code   RO         1975    .text               c_w.l(rt_memclr_w.o)
    0x08000514   0x08000514   0x00000006   Code   RO         1977    .text               c_w.l(heapauxi.o)
    0x0800051a   0x0800051a   0x00000002   PAD
    0x0800051c   0x0800051c   0x0000002c   Code   RO         1984    .text               c_w.l(init_aeabi.o)
    0x08000548   0x08000548   0x0000004e   Code   RO         2064    .text               c_w.l(h1_free.o)
    0x08000596   0x08000596   0x00000002   PAD
    0x08000598   0x08000598   0x00000008   Code   RO         2226    .text               c_w.l(rt_heap_descriptor_intlibspace.o)
    0x080005a0   0x080005a0   0x00000016   Code   RO         2246    .text               c_w.l(abort.o)
    0x080005b6   0x080005b6   0x00000002   PAD
    0x080005b8   0x080005b8   0x0000000c   Code   RO         2267    .text               c_w.l(sys_exit.o)
    0x080005c4   0x080005c4   0x00000008   Code   RO         2273    .text               c_w.l(libspace.o)
    0x080005cc   0x080005cc   0x0000004a   Code   RO         2276    .text               c_w.l(sys_stackheap_outer.o)
    0x08000616   0x08000616   0x00000012   Code   RO         2286    .text               c_w.l(exit.o)
    0x08000628   0x08000628   0x0000000e   Code   RO         2288    .text               c_w.l(defsig_abrt_outer.o)
    0x08000636   0x08000636   0x00000002   Code   RO         2313    .text               c_w.l(use_no_semi.o)
    0x08000638   0x08000638   0x00000000   Code   RO         2315    .text               c_w.l(indicate_semi.o)
    0x08000638   0x08000638   0x0000000a   Code   RO         2322    .text               c_w.l(defsig_exit.o)
    0x08000642   0x08000642   0x00000002   PAD
    0x08000644   0x08000644   0x00000030   Code   RO         2324    .text               c_w.l(defsig_abrt_inner.o)
    0x08000674   0x08000674   0x00000032   Code   RO         2343    .text               c_w.l(defsig_general.o)
    0x080006a6   0x080006a6   0x0000000e   Code   RO         2361    .text               c_w.l(sys_wrch.o)
    0x080006b4   0x080006b4   0x00000002   Code   RO          115    .text.BusFault_Handler  stm32f4xx_it.o
    0x080006b6   0x080006b6   0x00000002   PAD
    0x080006b8   0x080006b8   0x000000de   Code   RO         1618    .text.CRC16_Table   crc_util.o
    0x08000796   0x08000796   0x00000002   PAD
    0x08000798   0x08000798   0x0000000c   Code   RO          121    .text.DMA1_Stream3_IRQHandler  stm32f4xx_it.o
    0x080007a4   0x080007a4   0x0000000c   Code   RO          123    .text.DMA1_Stream4_IRQHandler  stm32f4xx_it.o
    0x080007b0   0x080007b0   0x0000000c   Code   RO          125    .text.DMA1_Stream6_IRQHandler  stm32f4xx_it.o
    0x080007bc   0x080007bc   0x0000000c   Code   RO          133    .text.DMA1_Stream7_IRQHandler  stm32f4xx_it.o
    0x080007c8   0x080007c8   0x0000000c   Code   RO          139    .text.DMA2_Stream6_IRQHandler  stm32f4xx_it.o
    0x080007d4   0x080007d4   0x00000002   Code   RO          119    .text.DebugMon_Handler  stm32f4xx_it.o
    0x080007d6   0x080007d6   0x00000002   PAD
    0x080007d8   0x080007d8   0x00000006   Code   RO           15    .text.Error_Handler  main.o
    0x080007de   0x080007de   0x00000002   PAD
    0x080007e0   0x080007e0   0x0000008e   Code   RO          649    .text.HAL_DMA_Abort  stm32f4xx_hal_dma.o
    0x0800086e   0x0800086e   0x00000002   PAD
    0x08000870   0x08000870   0x00000024   Code   RO          651    .text.HAL_DMA_Abort_IT  stm32f4xx_hal_dma.o
    0x08000894   0x08000894   0x000001c0   Code   RO          655    .text.HAL_DMA_IRQHandler  stm32f4xx_hal_dma.o
    0x08000a54   0x08000a54   0x00000162   Code   RO          641    .text.HAL_DMA_Init  stm32f4xx_hal_dma.o
    0x08000bb6   0x08000bb6   0x00000002   PAD
    0x08000bb8   0x08000bb8   0x000000a2   Code   RO          647    .text.HAL_DMA_Start_IT  stm32f4xx_hal_dma.o
    0x08000c5a   0x08000c5a   0x00000002   PAD
    0x08000c5c   0x08000c5c   0x0000019e   Code   RO          603    .text.HAL_GPIO_Init  stm32f4xx_hal_gpio.o
    0x08000dfa   0x08000dfa   0x00000002   PAD
    0x08000dfc   0x08000dfc   0x0000000c   Code   RO          800    .text.HAL_GetTick   stm32f4xx_hal.o
    0x08000e08   0x08000e08   0x0000001a   Code   RO          798    .text.HAL_IncTick   stm32f4xx_hal.o
    0x08000e22   0x08000e22   0x00000002   PAD
    0x08000e24   0x08000e24   0x00000036   Code   RO          788    .text.HAL_Init      stm32f4xx_hal.o
    0x08000e5a   0x08000e5a   0x00000002   PAD
    0x08000e5c   0x08000e5c   0x000000bc   Code   RO          159    .text.HAL_InitTick  stm32f4xx_hal_timebase_tim.o
    0x08000f18   0x08000f18   0x00000042   Code   RO          150    .text.HAL_MspInit   stm32f4xx_hal_msp.o
    0x08000f5a   0x08000f5a   0x00000002   PAD
    0x08000f5c   0x08000f5c   0x00000022   Code   RO          740    .text.HAL_NVIC_EnableIRQ  stm32f4xx_hal_cortex.o
    0x08000f7e   0x08000f7e   0x00000002   PAD
    0x08000f80   0x08000f80   0x00000056   Code   RO          738    .text.HAL_NVIC_SetPriority  stm32f4xx_hal_cortex.o
    0x08000fd6   0x08000fd6   0x00000002   PAD
    0x08000fd8   0x08000fd8   0x00000020   Code   RO          736    .text.HAL_NVIC_SetPriorityGrouping  stm32f4xx_hal_cortex.o
    0x08000ff8   0x08000ff8   0x00000164   Code   RO          497    .text.HAL_RCC_ClockConfig  stm32f4xx_hal_rcc.o
    0x0800115c   0x0800115c   0x0000003e   Code   RO          515    .text.HAL_RCC_GetClockConfig  stm32f4xx_hal_rcc.o
    0x0800119a   0x0800119a   0x00000002   PAD
    0x0800119c   0x0800119c   0x00000026   Code   RO          509    .text.HAL_RCC_GetPCLK1Freq  stm32f4xx_hal_rcc.o
    0x080011c2   0x080011c2   0x00000002   PAD
    0x080011c4   0x080011c4   0x00000026   Code   RO          511    .text.HAL_RCC_GetPCLK2Freq  stm32f4xx_hal_rcc.o
    0x080011ea   0x080011ea   0x00000002   PAD
    0x080011ec   0x080011ec   0x0000006c   Code   RO          499    .text.HAL_RCC_GetSysClockFreq  stm32f4xx_hal_rcc.o
    0x08001258   0x08001258   0x000003b0   Code   RO          495    .text.HAL_RCC_OscConfig  stm32f4xx_hal_rcc.o
    0x08001608   0x08001608   0x00000002   Code   RO          479    .text.HAL_TIMEx_BreakCallback  stm32f4xx_hal_tim_ex.o
    0x0800160a   0x0800160a   0x00000002   PAD
    0x0800160c   0x0800160c   0x00000002   Code   RO          475    .text.HAL_TIMEx_CommutCallback  stm32f4xx_hal_tim_ex.o
    0x0800160e   0x0800160e   0x00000002   PAD
    0x08001610   0x08001610   0x000000ba   Code   RO          469    .text.HAL_TIMEx_MasterConfigSynchronization  stm32f4xx_hal_tim_ex.o
    0x080016ca   0x080016ca   0x00000002   PAD
    0x080016cc   0x080016cc   0x0000005a   Code   RO          174    .text.HAL_TIM_Base_Init  stm32f4xx_hal_tim.o
    0x08001726   0x08001726   0x00000002   PAD
    0x08001728   0x08001728   0x00000002   Code   RO          176    .text.HAL_TIM_Base_MspInit  stm32f4xx_hal_tim.o
    0x0800172a   0x0800172a   0x00000002   PAD
    0x0800172c   0x0800172c   0x000000aa   Code   RO          188    .text.HAL_TIM_Base_Start_IT  stm32f4xx_hal_tim.o
    0x080017d6   0x080017d6   0x00000002   PAD
    0x080017d8   0x080017d8   0x000000b2   Code   RO          288    .text.HAL_TIM_Encoder_Init  stm32f4xx_hal_tim.o
    0x0800188a   0x0800188a   0x00000002   PAD
    0x0800188c   0x0800188c   0x000000b6   Code   RO           63    .text.HAL_TIM_Encoder_MspInit  tim.o
    0x08001942   0x08001942   0x00000002   PAD
    0x08001944   0x08001944   0x000000bc   Code   RO          296    .text.HAL_TIM_Encoder_Start  stm32f4xx_hal_tim.o
    0x08001a00   0x08001a00   0x00000002   Code   RO          310    .text.HAL_TIM_IC_CaptureCallback  stm32f4xx_hal_tim.o
    0x08001a02   0x08001a02   0x00000002   PAD
    0x08001a04   0x08001a04   0x0000014e   Code   RO          308    .text.HAL_TIM_IRQHandler  stm32f4xx_hal_tim.o
    0x08001b52   0x08001b52   0x00000002   PAD
    0x08001b54   0x08001b54   0x00000002   Code   RO          312    .text.HAL_TIM_OC_DelayElapsedCallback  stm32f4xx_hal_tim.o
    0x08001b56   0x08001b56   0x00000002   PAD
    0x08001b58   0x08001b58   0x00000002   Code   RO          314    .text.HAL_TIM_PWM_PulseFinishedCallback  stm32f4xx_hal_tim.o
    0x08001b5a   0x08001b5a   0x00000002   PAD
    0x08001b5c   0x08001b5c   0x00000014   Code   RO           17    .text.HAL_TIM_PeriodElapsedCallback  main.o
    0x08001b70   0x08001b70   0x00000002   Code   RO          318    .text.HAL_TIM_TriggerCallback  stm32f4xx_hal_tim.o
    0x08001b72   0x08001b72   0x00000002   PAD
    0x08001b74   0x08001b74   0x00000002   Code   RO          964    .text.HAL_UARTEx_RxEventCallback  stm32f4xx_hal_uart.o
    0x08001b76   0x08001b76   0x00000002   PAD
    0x08001b78   0x08001b78   0x00000002   Code   RO          962    .text.HAL_UART_ErrorCallback  stm32f4xx_hal_uart.o
    0x08001b7a   0x08001b7a   0x00000002   PAD
    0x08001b7c   0x08001b7c   0x00000570   Code   RO          956    .text.HAL_UART_IRQHandler  stm32f4xx_hal_uart.o
    0x080020ec   0x080020ec   0x00000060   Code   RO          878    .text.HAL_UART_Init  stm32f4xx_hal_uart.o
    0x0800214c   0x0800214c   0x000003ca   Code   RO           87    .text.HAL_UART_MspInit  usart.o
    0x08002516   0x08002516   0x00000002   PAD
    0x08002518   0x08002518   0x00000054   Code   RO          900    .text.HAL_UART_Receive_IT  stm32f4xx_hal_uart.o
    0x0800256c   0x0800256c   0x0000009c   Code   RO         1606    .text.HAL_UART_RxCpltCallback  serial_device.o
    0x08002608   0x08002608   0x000000b6   Code   RO          904    .text.HAL_UART_Transmit_DMA  stm32f4xx_hal_uart.o
    0x080026be   0x080026be   0x00000002   PAD
    0x080026c0   0x080026c0   0x00000002   Code   RO          966    .text.HAL_UART_TxCpltCallback  stm32f4xx_hal_uart.o
    0x080026c2   0x080026c2   0x00000002   PAD
    0x080026c4   0x080026c4   0x00000002   Code   RO          968    .text.HAL_UART_TxHalfCpltCallback  stm32f4xx_hal_uart.o
    0x080026c6   0x080026c6   0x00000002   PAD
    0x080026c8   0x080026c8   0x00000002   Code   RO          111    .text.HardFault_Handler  stm32f4xx_it.o
    0x080026ca   0x080026ca   0x00000002   PAD
    0x080026cc   0x080026cc   0x0000008c   Code   RO           50    .text.MX_DMA_Init   dma.o
    0x08002758   0x08002758   0x00000074   Code   RO           28    .text.MX_GPIO_Init  gpio.o
    0x080027cc   0x080027cc   0x0000006c   Code   RO           59    .text.MX_TIM1_Init  tim.o
    0x08002838   0x08002838   0x00000068   Code   RO           61    .text.MX_TIM3_Init  tim.o
    0x080028a0   0x080028a0   0x0000003c   Code   RO           77    .text.MX_UART4_Init  usart.o
    0x080028dc   0x080028dc   0x0000003c   Code   RO           79    .text.MX_UART5_Init  usart.o
    0x08002918   0x08002918   0x0000003c   Code   RO           81    .text.MX_USART2_UART_Init  usart.o
    0x08002954   0x08002954   0x0000003c   Code   RO           83    .text.MX_USART3_UART_Init  usart.o
    0x08002990   0x08002990   0x0000003c   Code   RO           85    .text.MX_USART6_UART_Init  usart.o
    0x080029cc   0x080029cc   0x00000002   Code   RO          113    .text.MemManage_Handler  stm32f4xx_it.o
    0x080029ce   0x080029ce   0x00000002   PAD
    0x080029d0   0x080029d0   0x00000002   Code   RO          109    .text.NMI_Handler   stm32f4xx_it.o
    0x080029d2   0x080029d2   0x0000000e   PAD
    0x080029e0   0x080029e0   0x00000064   Code   RO         1567    .text.PendSV_Handler  port.o
    0x08002a44   0x08002a44   0x0000000c   PAD
    0x08002a50   0x08002a50   0x00000024   Code   RO         1551    .text.SVC_Handler   port.o
    0x08002a74   0x08002a74   0x0000001e   Code   RO         1362    .text.SysTick_Handler  cmsis_os2.o
    0x08002a92   0x08002a92   0x00000002   PAD
    0x08002a94   0x08002a94   0x000000a8   Code   RO           13    .text.SystemClock_Config  main.o
    0x08002b3c   0x08002b3c   0x00000012   Code   RO         1000    .text.SystemInit    system_stm32f4xx.o
    0x08002b4e   0x08002b4e   0x00000002   PAD
    0x08002b50   0x08002b50   0x0000000c   Code   RO          131    .text.TIM8_TRG_COM_TIM14_IRQHandler  stm32f4xx_it.o
    0x08002b5c   0x08002b5c   0x0000014c   Code   RO          178    .text.TIM_Base_SetConfig  stm32f4xx_hal_tim.o
    0x08002ca8   0x08002ca8   0x0000000c   Code   RO          135    .text.UART4_IRQHandler  stm32f4xx_it.o
    0x08002cb4   0x08002cb4   0x0000000c   Code   RO          137    .text.UART5_IRQHandler  stm32f4xx_it.o
    0x08002cc0   0x08002cc0   0x0000000c   Code   RO          960    .text.UART_DMAAbortOnError  stm32f4xx_hal_uart.o
    0x08002ccc   0x08002ccc   0x0000017c   Code   RO          910    .text.UART_DMAError  stm32f4xx_hal_uart.o
    0x08002e48   0x08002e48   0x000000b0   Code   RO          906    .text.UART_DMATransmitCplt  stm32f4xx_hal_uart.o
    0x08002ef8   0x08002ef8   0x00000006   Code   RO          908    .text.UART_DMATxHalfCplt  stm32f4xx_hal_uart.o
    0x08002efe   0x08002efe   0x00000002   PAD
    0x08002f00   0x08002f00   0x000000fe   Code   RO          958    .text.UART_Receive_IT  stm32f4xx_hal_uart.o
    0x08002ffe   0x08002ffe   0x00000002   PAD
    0x08003000   0x08003000   0x000000ee   Code   RO          882    .text.UART_SetConfig  stm32f4xx_hal_uart.o
    0x080030ee   0x080030ee   0x00000002   PAD
    0x080030f0   0x080030f0   0x0000000c   Code   RO          127    .text.USART2_IRQHandler  stm32f4xx_it.o
    0x080030fc   0x080030fc   0x0000000c   Code   RO          129    .text.USART3_IRQHandler  stm32f4xx_it.o
    0x08003108   0x08003108   0x0000000c   Code   RO          141    .text.USART6_IRQHandler  stm32f4xx_it.o
    0x08003114   0x08003114   0x00000002   Code   RO          117    .text.UsageFault_Handler  stm32f4xx_it.o
    0x08003116   0x08003116   0x00000002   PAD
    0x08003118   0x08003118   0x0000005c   Code   RO         1797    .text._GLOBAL__sub_I_position_setup.cpp  position_setup.o
    0x08003174   0x08003174   0x000000a2   Code   RO         1695    .text._ZN11RC9Protocol12process_dataEv  rc9protocol.o
    0x08003216   0x08003216   0x00000002   PAD
    0x08003218   0x08003218   0x00000238   Code   RO         1693    .text._ZN11RC9Protocol17handleReceiveDataEh  rc9protocol.o
    0x08003450   0x08003450   0x00000082   Code   RO         1691    .text._ZN11RC9ProtocolC2EP20__UART_HandleTypeDefb  rc9protocol.o
    0x080034d2   0x080034d2   0x00000002   PAD
    0x080034d4   0x080034d4   0x00000008   Code   RO         1721    .text._ZN11RC9ProtocolD0Ev  rc9protocol.o
    0x080034dc   0x080034dc   0x00000002   Code   RO         1719    .text._ZN11RC9ProtocolD2Ev  rc9protocol.o
    0x080034de   0x080034de   0x00000002   PAD
    0x080034e0   0x080034e0   0x00000044   Code   RO         1587    .text._ZN11TaskManager12TaskFunctionEPv  taskmanager.o
    0x08003524   0x08003524   0x0000006a   Code   RO         1585    .text._ZN11TaskManager12registerTaskEiP14ITaskProcessor  taskmanager.o
    0x0800358e   0x0800358e   0x00000002   PAD
    0x08003590   0x08003590   0x000000f0   Code   RO         1583    .text._ZN11TaskManagerC2Ev  taskmanager.o
    0x08003680   0x08003680   0x0000000e   Code   RO         1604    .text._ZN12SerialDevice18startUartReceiveITEv  serial_device.o
    0x0800368e   0x0800368e   0x00000002   PAD
    0x08003690   0x08003690   0x00000032   Code   RO         1600    .text._ZN12SerialDeviceC2EP20__UART_HandleTypeDef  serial_device.o
    0x080036c2   0x080036c2   0x00000002   PAD
    0x080036c4   0x080036c4   0x000000a8   Code   RO         1705    .text._ZN13RC9subscriber13sendFloatDataEhPKfh  rc9protocol.o
    0x0800376c   0x0800376c   0x00000002   Code   RO         1786    .text._ZN13RC9subscriber20DataReceivedCallbackEPKhPKfht  oencoder.o
    0x0800376e   0x0800376e   0x00000002   PAD
    0x08003770   0x08003770   0x0000001c   Code   RO         1709    .text._ZN13RC9subscriber7addportEP11RC9Protocol  rc9protocol.o
    0x0800378c   0x0800378c   0x00000002   Code   RO         1782    .text._ZN14ITaskProcessorD2Ev  oencoder.o
    0x0800378e   0x0800378e   0x00000002   PAD
    0x08003790   0x08003790   0x00000000   Code   RO         1756    .text._ZN3imu9get_acc_xEv  hwt101ct.o
    0x08003790   0x08003790   0x00000000   Code   RO         1758    .text._ZN3imu9get_acc_yEv  hwt101ct.o
    0x08003790   0x08003790   0x00000006   Code   RO         1740    .text._ZN8HWT101CT11get_headingEv  hwt101ct.o
    0x08003796   0x08003796   0x00000002   PAD
    0x08003798   0x08003798   0x00000006   Code   RO         1744    .text._ZN8HWT101CT11get_yaw_radEv  hwt101ct.o
    0x0800379e   0x0800379e   0x00000002   PAD
    0x080037a0   0x080037a0   0x00000164   Code   RO         1734    .text._ZN8HWT101CT17handleReceiveDataEh  hwt101ct.o
    0x08003904   0x08003904   0x00000036   Code   RO         1728    .text._ZN8HWT101CTC2EP20__UART_HandleTypeDef  hwt101ct.o
    0x0800393a   0x0800393a   0x00000002   PAD
    0x0800393c   0x0800393c   0x00000294   Code   RO         1762    .text._ZN8Oencoder12process_dataEv  oencoder.o
    0x08003bd0   0x08003bd0   0x00000018   Code   RO         1772    .text._ZN8Oencoder4initEv  oencoder.o
    0x08003be8   0x08003be8   0x00000004   Code   RO         1766    .text._ZN8Oencoder7add_imuEP3imu  oencoder.o
    0x08003bec   0x08003bec   0x00000084   Code   RO         1768    .text._ZN8OencoderC2EP17TIM_HandleTypeDefS1_f  oencoder.o
    0x08003c70   0x08003c70   0x00000006   Code   RO         1784    .text._ZN8OencoderD0Ev  oencoder.o
    0x08003c76   0x08003c76   0x00000002   PAD
    0x08003c78   0x08003c78   0x00000006   Code   RO         1697    .text._ZThn12_N11RC9Protocol12process_dataEv  rc9protocol.o
    0x08003c7e   0x08003c7e   0x00000002   PAD
    0x08003c80   0x08003c80   0x0000000a   Code   RO         1725    .text._ZThn12_N11RC9ProtocolD0Ev  rc9protocol.o
    0x08003c8a   0x08003c8a   0x00000002   PAD
    0x08003c8c   0x08003c8c   0x00000002   Code   RO         1723    .text._ZThn12_N11RC9ProtocolD1Ev  rc9protocol.o
    0x08003c8e   0x08003c8e   0x00000002   PAD
    0x08003c90   0x08003c90   0x00000006   Code   RO         1742    .text._ZThn12_N8HWT101CT11get_headingEv  hwt101ct.o
    0x08003c96   0x08003c96   0x00000002   PAD
    0x08003c98   0x08003c98   0x00000006   Code   RO         1746    .text._ZThn12_N8HWT101CT11get_yaw_radEv  hwt101ct.o
    0x08003c9e   0x08003c9e   0x00000004   Code   RO         2014    .text._ZdlPv        libcpp_w.l(new.cpp.o)
    0x08003ca2   0x08003ca2   0x00000004   Code   RO         2018    .text._ZdlPvj       libcpp_w.l(new.cpp.o)
    0x08003ca6   0x08003ca6   0x00000002   PAD
    0x08003ca8   0x08003ca8   0x00000028   Code   RO         2048    .text.__cxa_pure_virtual  libcppabi_w.l(cxa_virtual.cpp.o)
    0x08003cd0   0x08003cd0   0x00000004   Code   RO         2185    .text.abort_message  libcppabi_w.l(abort_message.cpp.o)
    0x08003cd4   0x08003cd4   0x00000098   Code   RO         1824    .text.arm_cos_f32   arm_cortexM4lf_math.lib(arm_cos_f32.o)
    0x08003d6c   0x08003d6c   0x00000090   Code   RO         1833    .text.arm_sin_f32   arm_cortexM4lf_math.lib(arm_sin_f32.o)
    0x08003dfc   0x08003dfc   0x00000036   Code   RO           11    .text.main          main.o
    0x08003e32   0x08003e32   0x00000002   PAD
    0x08003e34   0x08003e34   0x00000020   Code   RO         1422    .text.osDelay       cmsis_os2.o
    0x08003e54   0x08003e54   0x00000028   Code   RO         1364    .text.osKernelInitialize  cmsis_os2.o
    0x08003e7c   0x08003e7c   0x0000003c   Code   RO         1370    .text.osKernelStart  cmsis_os2.o
    0x08003eb8   0x08003eb8   0x0000008c   Code   RO         1476    .text.osMessageQueueGet  cmsis_os2.o
    0x08003f44   0x08003f44   0x0000008a   Code   RO         1472    .text.osMessageQueueNew  cmsis_os2.o
    0x08003fce   0x08003fce   0x00000002   PAD
    0x08003fd0   0x08003fd0   0x000000a8   Code   RO         1474    .text.osMessageQueuePut  cmsis_os2.o
    0x08004078   0x08004078   0x000000a4   Code   RO         1386    .text.osThreadNew   cmsis_os2.o
    0x0800411c   0x0800411c   0x0000005e   Code   RO         1789    .text.position_setup  position_setup.o
    0x0800417a   0x0800417a   0x00000002   PAD
    0x0800417c   0x0800417c   0x0000028a   Code   RO         1197    .text.prvAddNewTaskToReadyList  tasks.o
    0x08004406   0x08004406   0x00000002   PAD
    0x08004408   0x08004408   0x00000086   Code   RO         1229    .text.prvIdleTask   tasks.o
    0x0800448e   0x0800448e   0x00000002   PAD
    0x08004490   0x08004490   0x00000128   Code   RO         1195    .text.prvInitialiseNewTask  tasks.o
    0x080045b8   0x080045b8   0x00000028   Code   RO         1559    .text.prvPortStartFirstTask  port.o
    0x080045e0   0x080045e0   0x0000003e   Code   RO         1549    .text.prvTaskExitError  port.o
    0x0800461e   0x0800461e   0x00000002   PAD
    0x08004620   0x08004620   0x0000038a   Code   RO         1314    .text.prvTimerTask  timers.o
    0x080049aa   0x080049aa   0x00000002   PAD
    0x080049ac   0x080049ac   0x00000074   Code   RO         1096    .text.prvUnlockQueue  queue.o
    0x08004a20   0x08004a20   0x000001f4   Code   RO         1525    .text.pvPortMalloc  heap_4.o
    0x08004c14   0x08004c14   0x00000024   Code   RO         1547    .text.pxPortInitialiseStack  port.o
    0x08004c38   0x08004c38   0x00000024   Code   RO         1060    .text.uxListRemove  list.o
    0x08004c5c   0x08004c5c   0x0000001c   Code   RO         1508    .text.vApplicationGetIdleTaskMemory  cmsis_os2.o
    0x08004c78   0x08004c78   0x0000001c   Code   RO         1510    .text.vApplicationGetTimerTaskMemory  cmsis_os2.o
    0x08004c94   0x08004c94   0x00000016   Code   RO         1052    .text.vListInitialise  list.o
    0x08004caa   0x08004caa   0x00000002   PAD
    0x08004cac   0x08004cac   0x00000006   Code   RO         1054    .text.vListInitialiseItem  list.o
    0x08004cb2   0x08004cb2   0x00000002   PAD
    0x08004cb4   0x08004cb4   0x00000062   Code   RO         1058    .text.vListInsert   list.o
    0x08004d16   0x08004d16   0x00000002   PAD
    0x08004d18   0x08004d18   0x0000001c   Code   RO         1056    .text.vListInsertEnd  list.o
    0x08004d34   0x08004d34   0x00000014   Code   RO         1557    .text.vPortEnableVFP  port.o
    0x08004d48   0x08004d48   0x00000046   Code   RO         1563    .text.vPortEnterCritical  port.o
    0x08004d8e   0x08004d8e   0x00000002   PAD
    0x08004d90   0x08004d90   0x0000002e   Code   RO         1565    .text.vPortExitCritical  port.o
    0x08004dbe   0x08004dbe   0x00000002   PAD
    0x08004dc0   0x08004dc0   0x000000d4   Code   RO         1527    .text.vPortFree     heap_4.o
    0x08004e94   0x08004e94   0x00000034   Code   RO         1555    .text.vPortSetupTimerInterrupt  port.o
    0x08004ec8   0x08004ec8   0x0000005e   Code   RO         1571    .text.vPortValidateInterruptPriority  port.o
    0x08004f26   0x08004f26   0x00000002   PAD
    0x08004f28   0x08004f28   0x000000b0   Code   RO         1130    .text.vQueueAddToRegistry  queue.o
    0x08004fd8   0x08004fd8   0x00000052   Code   RO         1134    .text.vQueueWaitForMessageRestricted  queue.o
    0x0800502a   0x0800502a   0x00000002   PAD
    0x0800502c   0x0800502c   0x00000080   Code   RO         1209    .text.vTaskDelay    tasks.o
    0x080050ac   0x080050ac   0x00000012   Code   RO         1259    .text.vTaskInternalSetTimeOutState  tasks.o
    0x080050be   0x080050be   0x00000002   PAD
    0x080050c0   0x080050c0   0x0000000e   Code   RO         1263    .text.vTaskMissedYield  tasks.o
    0x080050ce   0x080050ce   0x00000002   PAD
    0x080050d0   0x080050d0   0x00000074   Code   RO         1247    .text.vTaskPlaceOnEventList  tasks.o
    0x08005144   0x08005144   0x0000007a   Code   RO         1251    .text.vTaskPlaceOnEventListRestricted  tasks.o
    0x080051be   0x080051be   0x00000002   PAD
    0x080051c0   0x080051c0   0x000000f0   Code   RO         1227    .text.vTaskStartScheduler  tasks.o
    0x080052b0   0x080052b0   0x00000010   Code   RO         1205    .text.vTaskSuspendAll  tasks.o
    0x080052c0   0x080052c0   0x000000bc   Code   RO         1221    .text.vTaskSwitchContext  tasks.o
    0x0800537c   0x0800537c   0x00000188   Code   RO         1553    .text.xPortStartScheduler  port.o
    0x08005504   0x08005504   0x0000002e   Code   RO         1569    .text.xPortSysTickHandler  port.o
    0x08005532   0x08005532   0x00000002   PAD
    0x08005534   0x08005534   0x00000086   Code   RO         1074    .text.xQueueGenericCreate  queue.o
    0x080055ba   0x080055ba   0x00000002   PAD
    0x080055bc   0x080055bc   0x000000de   Code   RO         1072    .text.xQueueGenericCreateStatic  queue.o
    0x0800569a   0x0800569a   0x00000002   PAD
    0x0800569c   0x0800569c   0x000002bc   Code   RO         1086    .text.xQueueGenericSend  queue.o
    0x08005958   0x08005958   0x0000014a   Code   RO         1098    .text.xQueueGenericSendFromISR  queue.o
    0x08005aa2   0x08005aa2   0x00000002   PAD
    0x08005aa4   0x08005aa4   0x0000023e   Code   RO         1102    .text.xQueueReceive  queue.o
    0x08005ce2   0x08005ce2   0x00000002   PAD
    0x08005ce4   0x08005ce4   0x000000d2   Code   RO         1106    .text.xQueueReceiveFromISR  queue.o
    0x08005db6   0x08005db6   0x00000002   PAD
    0x08005db8   0x08005db8   0x00000096   Code   RO         1261    .text.xTaskCheckForTimeOut  tasks.o
    0x08005e4e   0x08005e4e   0x00000002   PAD
    0x08005e50   0x08005e50   0x00000060   Code   RO         1199    .text.xTaskCreate   tasks.o
    0x08005eb0   0x08005eb0   0x00000076   Code   RO         1193    .text.xTaskCreateStatic  tasks.o
    0x08005f26   0x08005f26   0x00000002   PAD
    0x08005f28   0x08005f28   0x0000001e   Code   RO         1275    .text.xTaskGetSchedulerState  tasks.o
    0x08005f46   0x08005f46   0x00000002   PAD
    0x08005f48   0x08005f48   0x0000000c   Code   RO         1235    .text.xTaskGetTickCount  tasks.o
    0x08005f54   0x08005f54   0x00000104   Code   RO         1233    .text.xTaskIncrementTick  tasks.o
    0x08006058   0x08006058   0x0000008a   Code   RO         1279    .text.xTaskPriorityDisinherit  tasks.o
    0x080060e2   0x080060e2   0x00000002   PAD
    0x080060e4   0x080060e4   0x00000072   Code   RO         1253    .text.xTaskRemoveFromEventList  tasks.o
    0x08006156   0x08006156   0x00000002   PAD
    0x08006158   0x08006158   0x000000ee   Code   RO         1207    .text.xTaskResumeAll  tasks.o
    0x08006246   0x08006246   0x00000002   PAD
    0x08006248   0x08006248   0x000000b4   Code   RO         1312    .text.xTimerCreateTimerTask  timers.o
    0x080062fc   0x080062fc   0x00000062   Code   RO         1987    x$fpl$d2f           fz_wm.l(d2f.o)
    0x0800635e   0x0800635e   0x00000002   PAD
    0x08006360   0x08006360   0x00000150   Code   RO         1989    x$fpl$dadd          fz_wm.l(daddsub_clz.o)
    0x080064b0   0x080064b0   0x0000002e   Code   RO         1996    x$fpl$dflt          fz_wm.l(dflt_clz.o)
    0x080064de   0x080064de   0x00000002   PAD
    0x080064e0   0x080064e0   0x00000154   Code   RO         2001    x$fpl$dmul          fz_wm.l(dmul.o)
    0x08006634   0x08006634   0x0000009c   Code   RO         2175    x$fpl$dnaninf       fz_wm.l(dnaninf.o)
    0x080066d0   0x080066d0   0x0000000c   Code   RO         2177    x$fpl$dretinf       fz_wm.l(dretinf.o)
    0x080066dc   0x080066dc   0x000001dc   Code   RO         1991    x$fpl$dsub          fz_wm.l(daddsub_clz.o)
    0x080068b8   0x080068b8   0x00000056   Code   RO         2003    x$fpl$f2d           fz_wm.l(f2d.o)
    0x0800690e   0x0800690e   0x0000008c   Code   RO         2179    x$fpl$fnaninf       fz_wm.l(fnaninf.o)
    0x0800699a   0x0800699a   0x0000001a   Code   RO         2252    x$fpl$fpinit        fz_wm.l(fpinit.o)
    0x080069b4   0x080069b4   0x0000000a   Code   RO         2181    x$fpl$fretinf       fz_wm.l(fretinf.o)
    0x080069be   0x080069be   0x00000000   Code   RO         2183    x$fpl$usenofp       fz_wm.l(usenofp.o)
    0x080069be   0x080069be   0x00000010   Data   RO         1005    .rodata.AHBPrescTable  system_stm32f4xx.o
    0x080069ce   0x080069ce   0x00000008   Data   RO         1006    .rodata.APBPrescTable  system_stm32f4xx.o
    0x080069d6   0x080069d6   0x00000200   Data   RO         1626    .rodata.CRC16Table  crc_util.o
    0x08006bd6   0x08006bd6   0x00000002   PAD
    0x08006bd8   0x08006bd8   0x0000002c   Data   RO         1711    .rodata._ZTV11RC9Protocol  rc9protocol.o
    0x08006c04   0x08006c04   0x0000000c   Data   RO         1616    .rodata._ZTV12SerialDevice  serial_device.o
    0x08006c10   0x08006c10   0x0000002c   Data   RO         1748    .rodata._ZTV8HWT101CT  hwt101ct.o
    0x08006c3c   0x08006c3c   0x00000020   Data   RO         1774    .rodata._ZTV8Oencoder  oencoder.o
    0x08006c5c   0x08006c5c   0x00000008   Data   RO          665    .rodata.cst8        stm32f4xx_hal_dma.o
    0x08006c64   0x08006c64   0x00000804   Data   RO         1954    .rodata.sinTable_f32  arm_cortexM4lf_math.lib(arm_common_tables.o)
    0x08007468   0x08007468   0x00000005   Data   RO         1352    .rodata.str1.1      timers.o
    0x0800746d   0x0800746d   0x00000003   PAD
    0x08007470   0x08007470   0x00000020   Data   RO         2382    Region$$Table       anon$$obj.o
    0x08007490   0x08007490   0x00000004   Data   RO         1802    .init_array         position_setup.o
    0x08007494   0x08007490   0x00000000   Data   RO         1982    .init_array         c_w.l(init_aeabi.o)


    Execution Region RW_IRAM1 (Exec base: 0x20000000, Load base: 0x08007498, Size: 0x000060d8, Max: 0x0001c000, ABSOLUTE, COMPRESSED[0x00000020])

    Exec Addr    Load Addr    Size         Type   Attr      Idx    E Section Name        Object

    0x20000000   COMPRESSED   0x00000008   Data   RW          843    .data..L_MergedGlobals  stm32f4xx_hal.o
    0x20000008   COMPRESSED   0x00000004   Data   RW         1004    .data.SystemCoreClock  system_stm32f4xx.o
    0x2000000c   COMPRESSED   0x00000438   Data   RW         1591    .data._ZN11TaskManager5tasksE  taskmanager.o
    0x20000444   COMPRESSED   0x00000004   Data   RW         1573    .data.uxCriticalNesting  port.o
    0x20000448        -       0x00000060   Zero   RW         2274    .bss                c_w.l(libspace.o)
    0x200004a8        -       0x00000078   Zero   RW         1302    .bss..L_MergedGlobals  tasks.o
    0x20000520        -       0x0000003c   Zero   RW         1353    .bss..L_MergedGlobals  timers.o
    0x2000055c        -       0x00000020   Zero   RW         1538    .bss..L_MergedGlobals  heap_4.o
    0x2000057c        -       0x00000008   Zero   RW         1574    .bss..L_MergedGlobals  port.o
    0x20000584        -       0x0000002c   Zero   RW         1608    .bss..L_MergedGlobals  serial_device.o
    0x200005b0        -       0x00000044   Zero   RW         1803    .bss..L_MergedGlobals  position_setup.o
    0x200005f4        -       0x00000028   Zero   RW         1303    .bss..L_MergedGlobals.2  tasks.o
    0x2000061c        -       0x00000004   Zero   RW         1512    .bss.KernelState    cmsis_os2.o
    0x20000620        -       0x000000a0   Zero   RW         1800    .bss.encoder_test   position_setup.o
    0x200006c0        -       0x00000060   Zero   RW           96    .bss.hdma_uart4_tx  usart.o
    0x20000720        -       0x00000060   Zero   RW           97    .bss.hdma_uart5_tx  usart.o
    0x20000780        -       0x00000060   Zero   RW           98    .bss.hdma_usart2_tx  usart.o
    0x200007e0        -       0x00000060   Zero   RW           99    .bss.hdma_usart3_tx  usart.o
    0x20000840        -       0x00000060   Zero   RW          100    .bss.hdma_usart6_tx  usart.o
    0x200008a0        -       0x00000048   Zero   RW           67    .bss.htim1          tim.o
    0x200008e8        -       0x00000048   Zero   RW          165    .bss.htim14         stm32f4xx_hal_timebase_tim.o
    0x20000930        -       0x00000048   Zero   RW           68    .bss.htim3          tim.o
    0x20000978        -       0x00000048   Zero   RW           93    .bss.huart2         usart.o
    0x200009c0        -       0x00000048   Zero   RW           94    .bss.huart3         usart.o
    0x20000a08        -       0x00000048   Zero   RW           91    .bss.huart4         usart.o
    0x20000a50        -       0x00000048   Zero   RW           92    .bss.huart5         usart.o
    0x20000a98        -       0x00000048   Zero   RW           95    .bss.huart6         usart.o
    0x20000ae0        -       0x000000a0   Zero   RW         1351    .bss.prvCheckForValidListAndQueue.ucStaticTimerQueueStorage  timers.o
    0x20000b80        -       0x00000050   Zero   RW         1350    .bss.prvCheckForValidListAndQueue.xStaticTimerQueue  timers.o
    0x20000bd0        -       0x00000460   Zero   RW         1301    .bss.pxReadyTasksLists  tasks.o
    0x20001030        -       0x000001a8   Zero   RW         1799    .bss.to_stm32       position_setup.o
    0x200011d8        -       0x00003c00   Zero   RW         1537    .bss.ucHeap         heap_4.o
    0x20004dd8        -       0x00000004   Zero   RW          842    .bss.uwTick         stm32f4xx_hal.o
    0x20004ddc        -       0x00000400   Zero   RW         1514    .bss.vApplicationGetIdleTaskMemory.Idle_Stack  cmsis_os2.o
    0x200051dc        -       0x0000005c   Zero   RW         1513    .bss.vApplicationGetIdleTaskMemory.Idle_TCB  cmsis_os2.o
    0x20005238        -       0x00000800   Zero   RW         1516    .bss.vApplicationGetTimerTaskMemory.Timer_Stack  cmsis_os2.o
    0x20005a38        -       0x0000005c   Zero   RW         1515    .bss.vApplicationGetTimerTaskMemory.Timer_TCB  cmsis_os2.o
    0x20005a94        -       0x00000040   Zero   RW         1136    .bss.xQueueRegistry  queue.o
    0x20005ad4   COMPRESSED   0x00000004   PAD
    0x20005ad8        -       0x00000200   Zero   RW            2    HEAP                startup_stm32f405xx.o
    0x20005cd8        -       0x00000400   Zero   RW            1    STACK               startup_stm32f405xx.o


    Execution Region RW_IRAM2 (Exec base: 0x2001c000, Load base: 0x080074b8, Size: 0x00000000, Max: 0x00004000, ABSOLUTE)

    **** No section assigned to this execution region ****


==============================================================================

Image component sizes


      Code (inc. data)   RO Data    RW Data    ZI Data      Debug   Object Name

       828          0          0          0       3260      42552   cmsis_os2.o
       222          0        512          0          0       3463   crc_util.o
       140          0          0          0          0       3441   dma.o
       116          0          0          0          0       1493   gpio.o
       712          0          0          0      15392       5694   heap_4.o
       434         40         44          0          0       6587   hwt101ct.o
       190          0          0          0          0       2305   list.o
       248          0          0          0          0       6520   main.o
       830          4         32          0          0      20760   oencoder.o
       994         16          0          4          8       4332   port.o
       186          4          4          0        652      16657   position_setup.o
      2544          0          0          0         64      29114   queue.o
      1084         10         44          0          0      11569   rc9protocol.o
       220          0         12          0         44       4140   serial_device.o
        64         26        392          0       1536        832   startup_stm32f405xx.o
        92          0          0          8          4       7233   stm32f4xx_hal.o
       152          0          0          0          0      10687   stm32f4xx_hal_cortex.o
      1142          6          8          0          0      10716   stm32f4xx_hal_dma.o
       414          0          0          0          0       5313   stm32f4xx_hal_gpio.o
        66          0          0          0          0       3464   stm32f4xx_hal_msp.o
      1546          0          0          0          0       7429   stm32f4xx_hal_rcc.o
      1302          0          0          0          0      55554   stm32f4xx_hal_tim.o
       190          0          0          0          0      21004   stm32f4xx_hal_tim_ex.o
       188          0          0          0         72       7165   stm32f4xx_hal_timebase_tim.o
      2828          0          0          0          0      32084   stm32f4xx_hal_uart.o
       144          0          0          0          0       6343   stm32f4xx_it.o
        18          0         24          4          0       2629   system_stm32f4xx.o
       414          0          0       1080          0       5781   taskmanager.o
      3078          8          0          0       1280      42545   tasks.o
       394          0          0          0        144       6991   tim.o
      1086         20          5          0        300      16407   timers.o
      1270          0          0          0        840       8555   usart.o

    ----------------------------------------------------------------------
     23338        146       1114       1096      23600     409359   Object Totals
         0          0         32          0          0          0   (incl. Generated)
       202         12          5          0          4          0   (incl. Padding)

    ----------------------------------------------------------------------

      Code (inc. data)   RO Data    RW Data    ZI Data      Debug   Library Member Name

         0          0       2052          0          0       6294   arm_common_tables.o
       152         12          0          0          0       1104   arm_cos_f32.o
       144         12          0          0          0       1092   arm_sin_f32.o
        90          0          0          0          0          0   __dczerorl2.o
         8          0          0          0          0         68   __main.o
         0          0          0          0          0          0   __rtentry.o
        12          0          0          0          0          0   __rtentry2.o
         6          0          0          0          0          0   __rtentry4.o
        94          8          0          0          0          0   __scatter.o
        28          0          0          0          0          0   __scatter_zi.o
        22          0          0          0          0         80   abort.o
        16          0          0          0          0         68   aeabi_memset4.o
        48         34          0          0          0         76   defsig_abrt_inner.o
        14          0          0          0          0         80   defsig_abrt_outer.o
        10          0          0          0          0         68   defsig_exit.o
        50          0          0          0          0         88   defsig_general.o
        18          0          0          0          0         80   exit.o
        78          0          0          0          0         80   h1_free.o
         6          0          0          0          0        152   heapauxi.o
         0          0          0          0          0          0   indicate_semi.o
        44          8          0          0          0         80   init_aeabi.o
         2          0          0          0          0          0   libinit.o
        10          0          0          0          0          0   libinit2.o
         2          0          0          0          0          0   libshutdown.o
         2          0          0          0          0          0   libshutdown2.o
         8          4          0          0         96         68   libspace.o
       240          0          0          0          0        100   lludivv7m.o
         8          4          0          0          0         68   rt_heap_descriptor_intlibspace.o
        78          0          0          0          0         80   rt_memclr_w.o
       138          0          0          0          0         68   rt_memcpy_v6.o
       100          0          0          0          0         80   rt_memcpy_w.o
         2          0          0          0          0          0   rtexit.o
        10          0          0          0          0          0   rtexit2.o
        12          4          0          0          0         68   sys_exit.o
        74          0          0          0          0         80   sys_stackheap_outer.o
        14          0          0          0          0         76   sys_wrch.o
         2          0          0          0          0         68   use_no_semi.o
        98          4          0          0          0        140   d2f.o
       812         16          0          0          0        392   daddsub_clz.o
        46          0          0          0          0        116   dflt_clz.o
       340         12          0          0          0        152   dmul.o
       156          4          0          0          0        140   dnaninf.o
        12          0          0          0          0        116   dretinf.o
        86          4          0          0          0        132   f2d.o
       140          4          0          0          0        132   fnaninf.o
        26          0          0          0          0        116   fpinit.o
        10          0          0          0          0        116   fretinf.o
         0          0          0          0          0          0   usenofp.o
         8          0          0          0          0        364   new.cpp.o
         4          0          0          0          0         36   abort_message.cpp.o
        40         32          0          0          0         52   cxa_virtual.cpp.o

    ----------------------------------------------------------------------
      3340        162       2052          0         96      12170   Library Totals
        20          0          0          0          0          0   (incl. Padding)

    ----------------------------------------------------------------------

      Code (inc. data)   RO Data    RW Data    ZI Data      Debug   Library Name

       296         24       2052          0          0       8490   arm_cortexM4lf_math.lib
      1246         62          0          0         96       1676   c_w.l
      1726         44          0          0          0       1552   fz_wm.l
         8          0          0          0          0        364   libcpp_w.l
        44         32          0          0          0         88   libcppabi_w.l

    ----------------------------------------------------------------------
      3340        162       2052          0         96      12170   Library Totals

    ----------------------------------------------------------------------

==============================================================================


      Code (inc. data)   RO Data    RW Data    ZI Data      Debug   

     26678        308       3166       1096      23696     419037   Grand Totals
     26678        308       3166         32      23696     419037   ELF Image Totals (compressed)
     26678        308       3166         32          0          0   ROM Totals

==============================================================================

    Total RO  Size (Code + RO Data)                29844 (  29.14kB)
    Total RW  Size (RW Data + ZI Data)             24792 (  24.21kB)
    Total ROM Size (Code + RO Data + RW Data)      29876 (  29.18kB)

==============================================================================

